Component: Arm Compiler for Embedded 6.23 Tool: armlink [5f102400]

==============================================================================

Section Cross References

    usbh_pipes.o(.text.USBH_OpenPipe) refers to usbh_conf.o(.text.USBH_LL_OpenPipe) for USBH_LL_OpenPipe
    usbh_pipes.o(.ARM.exidx.text.USBH_OpenPipe) refers to usbh_pipes.o(.text.USBH_OpenPipe) for [Anonymous Symbol]
    usbh_pipes.o(.text.USBH_ClosePipe) refers to usbh_conf.o(.text.USBH_LL_ClosePipe) for USBH_LL_ClosePipe
    usbh_pipes.o(.ARM.exidx.text.USBH_ClosePipe) refers to usbh_pipes.o(.text.USBH_ClosePipe) for [Anonymous Symbol]
    usbh_pipes.o(.text.USBH_AllocPipe) refers to usbh_pipes.o(.text.USBH_GetFreePipe) for USBH_GetFreePipe
    usbh_pipes.o(.ARM.exidx.text.USBH_AllocPipe) refers to usbh_pipes.o(.text.USBH_AllocPipe) for [Anonymous Symbol]
    usbh_pipes.o(.ARM.exidx.text.USBH_GetFreePipe) refers to usbh_pipes.o(.text.USBH_GetFreePipe) for [Anonymous Symbol]
    usbh_pipes.o(.ARM.exidx.text.USBH_FreePipe) refers to usbh_pipes.o(.text.USBH_FreePipe) for [Anonymous Symbol]
    usbh_ctlreq.o(.text.USBH_Get_DevDesc) refers to usbh_ctlreq.o(.text.USBH_GetDescriptor) for USBH_GetDescriptor
    usbh_ctlreq.o(.text.USBH_Get_DevDesc) refers to usbh_ctlreq.o(.text.USBH_ParseDevDesc) for USBH_ParseDevDesc
    usbh_ctlreq.o(.ARM.exidx.text.USBH_Get_DevDesc) refers to usbh_ctlreq.o(.text.USBH_Get_DevDesc) for [Anonymous Symbol]
    usbh_ctlreq.o(.text.USBH_GetDescriptor) refers to usbh_ctlreq.o(.text.USBH_CtlReq) for USBH_CtlReq
    usbh_ctlreq.o(.ARM.exidx.text.USBH_GetDescriptor) refers to usbh_ctlreq.o(.text.USBH_GetDescriptor) for [Anonymous Symbol]
    usbh_ctlreq.o(.ARM.exidx.text.USBH_ParseDevDesc) refers to usbh_ctlreq.o(.text.USBH_ParseDevDesc) for [Anonymous Symbol]
    usbh_ctlreq.o(.text.USBH_Get_CfgDesc) refers to usbh_ctlreq.o(.text.USBH_GetDescriptor) for USBH_GetDescriptor
    usbh_ctlreq.o(.text.USBH_Get_CfgDesc) refers to usbh_ctlreq.o(.text.USBH_ParseCfgDesc) for USBH_ParseCfgDesc
    usbh_ctlreq.o(.ARM.exidx.text.USBH_Get_CfgDesc) refers to usbh_ctlreq.o(.text.USBH_Get_CfgDesc) for [Anonymous Symbol]
    usbh_ctlreq.o(.text.USBH_ParseCfgDesc) refers to usbh_ctlreq.o(.text.USBH_GetNextDesc) for USBH_GetNextDesc
    usbh_ctlreq.o(.text.USBH_ParseCfgDesc) refers to usbh_ctlreq.o(.text.USBH_ParseInterfaceDesc) for USBH_ParseInterfaceDesc
    usbh_ctlreq.o(.text.USBH_ParseCfgDesc) refers to usbh_ctlreq.o(.text.USBH_ParseEPDesc) for USBH_ParseEPDesc
    usbh_ctlreq.o(.ARM.exidx.text.USBH_ParseCfgDesc) refers to usbh_ctlreq.o(.text.USBH_ParseCfgDesc) for [Anonymous Symbol]
    usbh_ctlreq.o(.text.USBH_Get_StringDesc) refers to usbh_ctlreq.o(.text.USBH_GetDescriptor) for USBH_GetDescriptor
    usbh_ctlreq.o(.text.USBH_Get_StringDesc) refers to usbh_ctlreq.o(.text.USBH_ParseStringDesc) for USBH_ParseStringDesc
    usbh_ctlreq.o(.ARM.exidx.text.USBH_Get_StringDesc) refers to usbh_ctlreq.o(.text.USBH_Get_StringDesc) for [Anonymous Symbol]
    usbh_ctlreq.o(.ARM.exidx.text.USBH_ParseStringDesc) refers to usbh_ctlreq.o(.text.USBH_ParseStringDesc) for [Anonymous Symbol]
    usbh_ctlreq.o(.text.USBH_CtlReq) refers to usbh_ctlreq.o(.text.USBH_HandleControl) for USBH_HandleControl
    usbh_ctlreq.o(.ARM.exidx.text.USBH_CtlReq) refers to usbh_ctlreq.o(.text.USBH_CtlReq) for [Anonymous Symbol]
    usbh_ctlreq.o(.text.USBH_SetAddress) refers to usbh_ctlreq.o(.text.USBH_CtlReq) for USBH_CtlReq
    usbh_ctlreq.o(.ARM.exidx.text.USBH_SetAddress) refers to usbh_ctlreq.o(.text.USBH_SetAddress) for [Anonymous Symbol]
    usbh_ctlreq.o(.text.USBH_SetCfg) refers to usbh_ctlreq.o(.text.USBH_CtlReq) for USBH_CtlReq
    usbh_ctlreq.o(.ARM.exidx.text.USBH_SetCfg) refers to usbh_ctlreq.o(.text.USBH_SetCfg) for [Anonymous Symbol]
    usbh_ctlreq.o(.text.USBH_SetInterface) refers to usbh_ctlreq.o(.text.USBH_CtlReq) for USBH_CtlReq
    usbh_ctlreq.o(.ARM.exidx.text.USBH_SetInterface) refers to usbh_ctlreq.o(.text.USBH_SetInterface) for [Anonymous Symbol]
    usbh_ctlreq.o(.text.USBH_SetFeature) refers to usbh_ctlreq.o(.text.USBH_CtlReq) for USBH_CtlReq
    usbh_ctlreq.o(.ARM.exidx.text.USBH_SetFeature) refers to usbh_ctlreq.o(.text.USBH_SetFeature) for [Anonymous Symbol]
    usbh_ctlreq.o(.text.USBH_ClrFeature) refers to usbh_ctlreq.o(.text.USBH_CtlReq) for USBH_CtlReq
    usbh_ctlreq.o(.ARM.exidx.text.USBH_ClrFeature) refers to usbh_ctlreq.o(.text.USBH_ClrFeature) for [Anonymous Symbol]
    usbh_ctlreq.o(.ARM.exidx.text.USBH_GetNextDesc) refers to usbh_ctlreq.o(.text.USBH_GetNextDesc) for [Anonymous Symbol]
    usbh_ctlreq.o(.text.USBH_HandleControl) refers to usbh_ioreq.o(.text.USBH_CtlSendSetup) for USBH_CtlSendSetup
    usbh_ctlreq.o(.text.USBH_HandleControl) refers to usbh_conf.o(.text.USBH_LL_GetURBState) for USBH_LL_GetURBState
    usbh_ctlreq.o(.text.USBH_HandleControl) refers to usbh_ioreq.o(.text.USBH_CtlReceiveData) for USBH_CtlReceiveData
[...]
    [Anonymous Symbol]                       0x0800478c   Section        0  usbh_conf.o(.text.USBH_LL_GetToggle)
    [Anonymous Symbol]                       0x080047f8   Section        0  usbh_conf.o(.text.USBH_LL_GetURBState)
    [Anonymous Symbol]                       0x08004814   Section        0  usbh_core.o(.text.USBH_LL_IncTimer)
    [Anonymous Symbol]                       0x08004830   Section        0  usbh_conf.o(.text.USBH_LL_Init)
    [Anonymous Symbol]                       0x08004888   Section        0  usbh_conf.o(.text.USBH_LL_OpenPipe)
    [Anonymous Symbol]                       0x080048e8   Section        0  usbh_core.o(.text.USBH_LL_PortDisabled)
    [Anonymous Symbol]                       0x080048f8   Section        0  usbh_core.o(.text.USBH_LL_PortEnabled)
    [Anonymous Symbol]                       0x08004908   Section        0  usbh_conf.o(.text.USBH_LL_ResetPort)
    [Anonymous Symbol]                       0x08004920   Section        0  usbh_core.o(.text.USBH_LL_SetTimer)
    [Anonymous Symbol]                       0x08004934   Section        0  usbh_conf.o(.text.USBH_LL_SetToggle)
    [Anonymous Symbol]                       0x0800499c   Section        0  usbh_conf.o(.text.USBH_LL_Start)
    [Anonymous Symbol]                       0x080049b4   Section        0  usbh_conf.o(.text.USBH_LL_Stop)
    [Anonymous Symbol]                       0x080049cc   Section        0  usbh_conf.o(.text.USBH_LL_SubmitURB)
    USBH_MSC_BOT_Abort                       0x08004a35   Thumb Code    92  usbh_msc_bot.o(.text.USBH_MSC_BOT_Abort)
    [Anonymous Symbol]                       0x08004a34   Section        0  usbh_msc_bot.o(.text.USBH_MSC_BOT_Abort)
    [Anonymous Symbol]                       0x08004a90   Section        0  usbh_msc_bot.o(.text.USBH_MSC_BOT_Init)
    [Anonymous Symbol]                       0x08004acc   Section        0  usbh_msc_bot.o(.text.USBH_MSC_BOT_Process)
    [Anonymous Symbol]                       0x08004e84   Section        0  usbh_msc_bot.o(.text.USBH_MSC_BOT_REQ_GetMaxLUN)
    [Anonymous Symbol]                       0x08004eb4   Section        0  usbh_msc_bot.o(.text.USBH_MSC_BOT_REQ_Reset)
    USBH_MSC_ClassRequest                    0x08004ee1   Thumb Code   230  usbh_msc.o(.text.USBH_MSC_ClassRequest)
    [Anonymous Symbol]                       0x08004ee0   Section        0  usbh_msc.o(.text.USBH_MSC_ClassRequest)
    USBH_MSC_DecodeCSW                       0x08004fc9   Thumb Code   162  usbh_msc_bot.o(.text.USBH_MSC_DecodeCSW)
    [Anonymous Symbol]                       0x08004fc8   Section        0  usbh_msc_bot.o(.text.USBH_MSC_DecodeCSW)
    [Anonymous Symbol]                       0x0800506c   Section        0  usbh_msc.o(.text.USBH_MSC_GetLUNInfo)
    USBH_MSC_InterfaceDeInit                 0x08005119   Thumb Code   130  usbh_msc.o(.text.USBH_MSC_InterfaceDeInit)
    [Anonymous Symbol]                       0x08005118   Section        0  usbh_msc.o(.text.USBH_MSC_InterfaceDeInit)
    USBH_MSC_InterfaceInit                   0x0800519d   Thumb Code   576  usbh_msc.o(.text.USBH_MSC_InterfaceInit)
    [Anonymous Symbol]                       0x0800519c   Section        0  usbh_msc.o(.text.USBH_MSC_InterfaceInit)
    USBH_MSC_Process                         0x080053dd   Thumb Code  1218  usbh_msc.o(.text.USBH_MSC_Process)
    [Anonymous Symbol]                       0x080053dc   Section        0  usbh_msc.o(.text.USBH_MSC_Process)
    USBH_MSC_RdWrProcess                     0x080058a1   Thumb Code   466  usbh_msc.o(.text.USBH_MSC_RdWrProcess)
    [Anonymous Symbol]                       0x080058a0   Section        0  usbh_msc.o(.text.USBH_MSC_RdWrProcess)
    [Anonymous Symbol]                       0x08005a74   Section        0  usbh_msc.o(.text.USBH_MSC_Read)
    [Anonymous Symbol]                       0x08005b4c   Section        0  usbh_msc_scsi.o(.text.USBH_MSC_SCSI_Inquiry)
    [Anonymous Symbol]                       0x08005ca4   Section        0  usbh_msc_scsi.o(.text.USBH_MSC_SCSI_Read)
    [Anonymous Symbol]                       0x08005d94   Section        0  usbh_msc_scsi.o(.text.USBH_MSC_SCSI_ReadCapacity)
    [Anonymous Symbol]                       0x08005e60   Section        0  usbh_msc_scsi.o(.text.USBH_MSC_SCSI_RequestSense)
    [Anonymous Symbol]                       0x08005f68   Section        0  usbh_msc_scsi.o(.text.USBH_MSC_SCSI_TestUnitReady)
    [Anonymous Symbol]                       0x08005ff8   Section        0  usbh_msc_scsi.o(.text.USBH_MSC_SCSI_Write)
    USBH_MSC_SOFProcess                      0x080060e9   Thumb Code    10  usbh_msc.o(.text.USBH_MSC_SOFProcess)
    [Anonymous Symbol]                       0x080060e8   Section        0  usbh_msc.o(.text.USBH_MSC_SOFProcess)
    [Anonymous Symbol]                       0x080060f4   Section        0  usbh_msc.o(.text.USBH_MSC_UnitIsReady)
    [Anonymous Symbol]                       0x08006148   Section        0  usbh_msc.o(.text.USBH_MSC_Write)
    [Anonymous Symbol]                       0x08006220   Section        0  usbh_pipes.o(.text.USBH_OpenPipe)
    USBH_ParseCfgDesc                        0x0800627d   Thumb Code   598  usbh_ctlreq.o(.text.USBH_ParseCfgDesc)
    [Anonymous Symbol]                       0x0800627c   Section        0  usbh_ctlreq.o(.text.USBH_ParseCfgDesc)
    USBH_ParseDevDesc                        0x080064d5   Thumb Code   318  usbh_ctlreq.o(.text.USBH_ParseDevDesc)
    [Anonymous Symbol]                       0x080064d4   Section        0  usbh_ctlreq.o(.text.USBH_ParseDevDesc)
    USBH_ParseEPDesc                         0x08006615   Thumb Code   538  usbh_ctlreq.o(.text.USBH_ParseEPDesc)
    [Anonymous Symbol]                       0x08006614   Section        0  usbh_ctlreq.o(.text.USBH_ParseEPDesc)
    USBH_ParseInterfaceDesc                  0x08006831   Thumb Code   104  usbh_ctlreq.o(.text.USBH_ParseInterfaceDesc)
    [Anonymous Symbol]                       0x08006830   Section        0  usbh_ctlreq.o(.text.USBH_ParseInterfaceDesc)
    USBH_ParseStringDesc                     0x08006899   Thumb Code   132  usbh_ctlreq.o(.text.USBH_ParseStringDesc)
    [Anonymous Symbol]                       0x08006898   Section        0  usbh_ctlreq.o(.text.USBH_ParseStringDesc)
    [Anonymous Symbol]                       0x0800691c   Section        0  usbh_core.o(.text.USBH_Process)
    [Anonymous Symbol]                       0x08006cd0   Section        0  usbh_core.o(.text.USBH_RegisterClass)
    [Anonymous Symbol]                       0x08006d24   Section        0  usbh_core.o(.text.USBH_SelectInterface)
    [Anonymous Symbol]                       0x08006d60   Section        0  usbh_ctlreq.o(.text.USBH_SetAddress)
    [Anonymous Symbol]                       0x08006da0   Section        0  usbh_ctlreq.o(.text.USBH_SetCfg)
    [Anonymous Symbol]                       0x08006de0   Section        0  usbh_ctlreq.o(.text.USBH_SetFeature)
    [Anonymous Symbol]                       0x08006e20   Section        0  usbh_core.o(.text.USBH_Start)
    USBH_UserProcess                         0x08006e3d   Thumb Code    90  main.o(.text.USBH_UserProcess)
    [Anonymous Symbol]                       0x08006e3c   Section        0  main.o(.text.USBH_UserProcess)
    [Anonymous Symbol]                       0x08006e98   Section        0  usbh_diskio_dma.o(.text.USBH_initialize)
    [Anonymous Symbol]                       0x08006ea4   Section        0  usbh_diskio_dma.o(.text.USBH_ioctl)
    [Anonymous Symbol]                       0x08006f78   Section        0  usbh_diskio_dma.o(.text.USBH_read)
    [Anonymous Symbol]                       0x080070a4   Section        0  usbh_diskio_dma.o(.text.USBH_status)
    [Anonymous Symbol]                       0x080070e0   Section        0  usbh_diskio_dma.o(.text.USBH_write)
    [Anonymous Symbol]                       0x080071fc   Section        0  stm32f4xx_ll_usb.o(.text.USB_CoreInit)
    USB_CoreReset                            0x080072d5   Thumb Code   120  stm32f4xx_ll_usb.o(.text.USB_CoreReset)
    [Anonymous Symbol]                       0x080072d4   Section        0  stm32f4xx_ll_usb.o(.text.USB_CoreReset)
    [Anonymous Symbol]                       0x0800734c   Section        0  stm32f4xx_ll_usb.o(.text.USB_DisableGlobalInt)
    [Anonymous Symbol]                       0x08007360   Section        0  stm32f4xx_ll_usb.o(.text.USB_DoPing)
    [Anonymous Symbol]                       0x080073c0   Section        0  stm32f4xx_ll_usb.o(.text.USB_DriveVbus)
    [Anonymous Symbol]                       0x08007428   Section        0  stm32f4xx_ll_usb.o(.text.USB_EnableGlobalInt)
    [Anonymous Symbol]                       0x0800743c   Section        0  stm32f4xx_ll_usb.o(.text.USB_FlushRxFifo)
    [Anonymous Symbol]                       0x080074b0   Section        0  stm32f4xx_ll_usb.o(.text.USB_FlushTxFifo)
    [Anonymous Symbol]                       0x0800752c   Section        0  stm32f4xx_ll_usb.o(.text.USB_GetCurrentFrame)
    [Anonymous Symbol]                       0x08007540   Section        0  stm32f4xx_ll_usb.o(.text.USB_GetHostSpeed)
    [Anonymous Symbol]                       0x08007560   Section        0  stm32f4xx_ll_usb.o(.text.USB_GetMode)
    [Anonymous Symbol]                       0x08007570   Section        0  stm32f4xx_ll_usb.o(.text.USB_HC_Halt)
    [Anonymous Symbol]                       0x0800774c   Section        0  stm32f4xx_ll_usb.o(.text.USB_HC_Init)
    [Anonymous Symbol]                       0x08007984   Section        0  stm32f4xx_ll_usb.o(.text.USB_HC_ReadInterrupt)
    [Anonymous Symbol]                       0x08007998   Section        0  stm32f4xx_ll_usb.o(.text.USB_HC_StartXfer)
    [Anonymous Symbol]                       0x08007e3c   Section        0  stm32f4xx_ll_usb.o(.text.USB_HostInit)
    [Anonymous Symbol]                       0x08007fc4   Section        0  stm32f4xx_ll_usb.o(.text.USB_InitFSLSPClkSel)
    [Anonymous Symbol]                       0x08008038   Section        0  stm32f4xx_ll_usb.o(.text.USB_ReadChInterrupts)
    [Anonymous Symbol]                       0x08008070   Section        0  stm32f4xx_ll_usb.o(.text.USB_ReadInterrupts)
    [Anonymous Symbol]                       0x0800808c   Section        0  stm32f4xx_ll_usb.o(.text.USB_ReadPacket)
    [Anonymous Symbol]                       0x08008140   Section        0  stm32f4xx_ll_usb.o(.text.USB_ResetPort)
    [Anonymous Symbol]                       0x0800818c   Section        0  stm32f4xx_ll_usb.o(.text.USB_SetCurrentMode)
    [Anonymous Symbol]                       0x0800826c   Section        0  stm32f4xx_ll_usb.o(.text.USB_StopHost)
    [Anonymous Symbol]                       0x0800838c   Section        0  stm32f4xx_ll_usb.o(.text.USB_WritePacket)
    [Anonymous Symbol]                       0x08008410   Section        0  stm32f4xx_it.o(.text.UsageFault_Handler)
    __NVIC_EnableIRQ                         0x08008415   Thumb Code    48  stm32f4xx_hal_cortex.o(.text.__NVIC_EnableIRQ)
    [Anonymous Symbol]                       0x08008414   Section        0  stm32f4xx_hal_cortex.o(.text.__NVIC_EnableIRQ)
    __NVIC_GetPriorityGrouping               0x08008445   Thumb Code    16  stm32f4xx_hal_cortex.o(.text.__NVIC_GetPriorityGrouping)
    [Anonymous Symbol]                       0x08008444   Section        0  stm32f4xx_hal_cortex.o(.text.__NVIC_GetPriorityGrouping)
    __NVIC_SetPriority                       0x08008455   Thumb Code    66  stm32f4xx_hal_cortex.o(.text.__NVIC_SetPriority)
    [Anonymous Symbol]                       0x08008454   Section        0  stm32f4xx_hal_cortex.o(.text.__NVIC_SetPriority)
    __NVIC_SetPriorityGrouping               0x08008499   Thumb Code    60  stm32f4xx_hal_cortex.o(.text.__NVIC_SetPriorityGrouping)
    [Anonymous Symbol]                       0x08008498   Section        0  stm32f4xx_hal_cortex.o(.text.__NVIC_SetPriorityGrouping)
    check_fs                                 0x080084d5   Thumb Code   188  ff.o(.text.check_fs)
    [Anonymous Symbol]                       0x080084d4   Section        0  ff.o(.text.check_fs)
    chk_chr                                  0x08008591   Thumb Code    60  ff.o(.text.chk_chr)
    [Anonymous Symbol]                       0x08008590   Section        0  ff.o(.text.chk_chr)
    chk_lock                                 0x080085cd   Thumb Code   252  ff.o(.text.chk_lock)
    [Anonymous Symbol]                       0x080085cc   Section        0  ff.o(.text.chk_lock)
    clear_lock                               0x080086c9   Thumb Code    72  ff.o(.text.clear_lock)
    [Anonymous Symbol]                       0x080086c8   Section        0  ff.o(.text.clear_lock)
    clmt_clust                               0x08008711   Thumb Code   104  ff.o(.text.clmt_clust)
    [Anonymous Symbol]                       0x08008710   Section        0  ff.o(.text.clmt_clust)
    clust2sect                               0x08008779   Thumb Code    54  ff.o(.text.clust2sect)
    [Anonymous Symbol]                       0x08008778   Section        0  ff.o(.text.clust2sect)
    create_chain                             0x080087b1   Thumb Code   344  ff.o(.text.create_chain)
    [Anonymous Symbol]                       0x080087b0   Section        0  ff.o(.text.create_chain)
    create_name                              0x08008909   Thumb Code   384  ff.o(.text.create_name)
    [Anonymous Symbol]                       0x08008908   Section        0  ff.o(.text.create_name)
    dec_lock                                 0x08008a89   Thumb Code   148  ff.o(.text.dec_lock)
    [Anonymous Symbol]                       0x08008a88   Section        0  ff.o(.text.dec_lock)
    dir_alloc                                0x08008b1d   Thumb Code   162  ff.o(.text.dir_alloc)
    [Anonymous Symbol]                       0x08008b1c   Section        0  ff.o(.text.dir_alloc)
    dir_find                                 0x08008bc1   Thumb Code   180  ff.o(.text.dir_find)
    [Anonymous Symbol]                       0x08008bc0   Section        0  ff.o(.text.dir_find)
    dir_next                                 0x08008c75   Thumb Code   436  ff.o(.text.dir_next)
    [Anonymous Symbol]                       0x08008c74   Section        0  ff.o(.text.dir_next)
    dir_register                             0x08008e29   Thumb Code    96  ff.o(.text.dir_register)
    [Anonymous Symbol]                       0x08008e28   Section        0  ff.o(.text.dir_register)
    dir_sdi                                  0x08008e89   Thumb Code   282  ff.o(.text.dir_sdi)
    [Anonymous Symbol]                       0x08008e88   Section        0  ff.o(.text.dir_sdi)
    [Anonymous Symbol]                       0x08008fa4   Section        0  diskio.o(.text.disk_initialize)
    [Anonymous Symbol]                       0x08009008   Section        0  diskio.o(.text.disk_ioctl)
    [Anonymous Symbol]                       0x08009044   Section        0  diskio.o(.text.disk_read)
    [Anonymous Symbol]                       0x08009080   Section        0  diskio.o(.text.disk_status)
    [Anonymous Symbol]                       0x080090b0   Section        0  diskio.o(.text.disk_write)
    enq_lock                                 0x080090ed   Thumb Code    74  ff.o(.text.enq_lock)
    [Anonymous Symbol]                       0x080090ec   Section        0  ff.o(.text.enq_lock)
    [Anonymous Symbol]                       0x08009138   Section        0  ff.o(.text.f_close)
    [Anonymous Symbol]                       0x0800918c   Section        0  ff.o(.text.f_mount)
    [Anonymous Symbol]                       0x08009230   Section        0  ff.o(.text.f_open)
    [Anonymous Symbol]                       0x080095d0   Section        0  ff.o(.text.f_read)
    [Anonymous Symbol]                       0x08009854   Section        0  ff.o(.text.f_sync)
    [Anonymous Symbol]                       0x0800993c   Section        0  ff.o(.text.f_write)
    find_volume                              0x08009c2d   Thumb Code  1238  ff.o(.text.find_volume)
    [Anonymous Symbol]                       0x08009c2c   Section        0  ff.o(.text.find_volume)
    follow_path                              0x0800a105   Thumb Code   258  ff.o(.text.follow_path)
    [Anonymous Symbol]                       0x0800a104   Section        0  ff.o(.text.follow_path)
    get_fat                                  0x0800a209   Thumb Code   306  ff.o(.text.get_fat)
    [Anonymous Symbol]                       0x0800a208   Section        0  ff.o(.text.get_fat)
    [Anonymous Symbol]                       0x0800a33c   Section        0  diskio.o(.text.get_fattime)
    get_ldnumber                             0x0800a341   Thumb Code   170  ff.o(.text.get_ldnumber)
    [Anonymous Symbol]                       0x0800a340   Section        0  ff.o(.text.get_ldnumber)
    inc_lock                                 0x0800a3ed   Thumb Code   344  ff.o(.text.inc_lock)
    [Anonymous Symbol]                       0x0800a3ec   Section        0  ff.o(.text.inc_lock)
    ld_clust                                 0x0800a545   Thumb Code    54  ff.o(.text.ld_clust)
    [Anonymous Symbol]                       0x0800a544   Section        0  ff.o(.text.ld_clust)
    ld_dword                                 0x0800a57d   Thumb Code    52  ff.o(.text.ld_dword)
    [Anonymous Symbol]                       0x0800a57c   Section        0  ff.o(.text.ld_dword)
    ld_word                                  0x0800a5b1   Thumb Code    36  ff.o(.text.ld_word)
    [Anonymous Symbol]                       0x0800a5b0   Section        0  ff.o(.text.ld_word)
    [Anonymous Symbol]                       0x0800a5d4   Section        0  main.o(.text.main)
    mem_cmp                                  0x0800a66d   Thumb Code    86  ff.o(.text.mem_cmp)
    [Anonymous Symbol]                       0x0800a66c   Section        0  ff.o(.text.mem_cmp)
    mem_cpy                                  0x0800a6c5   Thumb Code    60  ff.o(.text.mem_cpy)
    [Anonymous Symbol]                       0x0800a6c4   Section        0  ff.o(.text.mem_cpy)
    mem_set                                  0x0800a701   Thumb Code    42  ff.o(.text.mem_set)
    [Anonymous Symbol]                       0x0800a700   Section        0  ff.o(.text.mem_set)
    move_window                              0x0800a72d   Thumb Code    94  ff.o(.text.move_window)
    [Anonymous Symbol]                       0x0800a72c   Section        0  ff.o(.text.move_window)
    put_fat                                  0x0800a78d   Thumb Code   434  ff.o(.text.put_fat)
    [Anonymous Symbol]                       0x0800a78c   Section        0  ff.o(.text.put_fat)
    remove_chain                             0x0800a941   Thumb Code   244  ff.o(.text.remove_chain)
    [Anonymous Symbol]                       0x0800a940   Section        0  ff.o(.text.remove_chain)
    st_clust                                 0x0800aa35   Thumb Code    50  ff.o(.text.st_clust)
    [Anonymous Symbol]                       0x0800aa34   Section        0  ff.o(.text.st_clust)
    st_dword                                 0x0800aa69   Thumb Code    68  ff.o(.text.st_dword)
    [Anonymous Symbol]                       0x0800aa68   Section        0  ff.o(.text.st_dword)
    st_word                                  0x0800aaad   Thumb Code    44  ff.o(.text.st_word)
    [Anonymous Symbol]                       0x0800aaac   Section        0  ff.o(.text.st_word)
    sync_fs                                  0x0800aad9   Thumb Code   200  ff.o(.text.sync_fs)
    [Anonymous Symbol]                       0x0800aad8   Section        0  ff.o(.text.sync_fs)
    sync_window                              0x0800aba1   Thumb Code   138  ff.o(.text.sync_window)
    [Anonymous Symbol]                       0x0800aba0   Section        0  ff.o(.text.sync_window)
    validate                                 0x0800ac2d   Thumb Code   114  ff.o(.text.validate)
    [Anonymous Symbol]                       0x0800ac2c   Section        0  ff.o(.text.validate)
    i.__scatterload_copy                     0x0800ac9e   Section       14  handlers.o(i.__scatterload_copy)
    i.__scatterload_null                     0x0800acac   Section        2  handlers.o(i.__scatterload_null)
    i.__scatterload_zeroinit                 0x0800acae   Section       14  handlers.o(i.__scatterload_zeroinit)
    i.free                                   0x0800acbc   Section        0  malloc.o(i.free)
    i.malloc                                 0x0800ad0c   Section        0  malloc.o(i.malloc)
    ExCvt                                    0x0800ad88   Data         128  ff.o(.rodata.ExCvt)
    [Anonymous Symbol]                       0x0800ad88   Section        0  ff.o(.rodata.ExCvt)
    .L.str                                   0x0800ae1c   Data          10  main.o(.rodata.str1.1)
    [Anonymous Symbol]                       0x0800ae1c   Section        0  main.o(.rodata.str1.1)
    .L__const.MSC_Application.wtext          0x0800ae26   Data          33  main.o(.rodata.str1.1)
    .L.str                                   0x0800ae47   Data          12  ff.o(.rodata.str1.1)
    [Anonymous Symbol]                       0x0800ae47   Section        0  ff.o(.rodata.str1.1)
    .L.str.1                                 0x0800ae53   Data          20  ff.o(.rodata.str1.1)
    .L.str.2                                 0x0800ae67   Data          20  ff.o(.rodata.str1.1)
    .L.str.3                                 0x0800ae7b   Data          15  ff.o(.rodata.str1.1)
    .L.str.1                                 0x0800ae89   Data           1  ff.o(.rodata.str1.1)
    [Anonymous Symbol]                       0x0800ae8a   Section        0  usbh_msc.o(.rodata.str1.1)
    .data                                    0x20000000   Section        4  mvars.o(.data)
    .data                                    0x20000004   Section        4  mvars.o(.data)
    FatFs                                    0x2000003c   Data           8  ff.o(.bss.FatFs)
    [Anonymous Symbol]                       0x2000003c   Section        0  ff.o(.bss.FatFs)
    Files                                    0x20000044   Data          32  ff.o(.bss.Files)
    [Anonymous Symbol]                       0x20000044   Section        0  ff.o(.bss.Files)
    Fsid                                     0x20000064   Data           2  ff.o(.bss.Fsid)
    [Anonymous Symbol]                       0x20000064   Section        0  ff.o(.bss.Fsid)
    scratch                                  0x20000d94   Data         512  usbh_diskio_dma.o(.bss.scratch)
    [Anonymous Symbol]                       0x20000d94   Section        0  usbh_diskio_dma.o(.bss.scratch)
    HEAP                                     0x20000f98   Section     1024  startup_stm32f429xx.o(HEAP)
    STACK                                    0x20001398   Section     2048  startup_stm32f429xx.o(STACK)

    Global Symbols

    Symbol Name                              Value     Ov Type        Size  Object(Section)

    BuildAttributes$$THM_ISAv4$E$P$D$K$B$S$7EM$VFPi3$EXTD16$VFPS$VFMA$PE$A:L22UL41UL21$X:L11$S22US41US21$IEEE1$IW$~IW$USESV6$~STKCKD$USESV7$~SHL$OSPACE$EBA8$MICROLIB$REQ8$PRES8$EABIv2 0x00000000   Number         0  anon$$obj.o ABSOLUTE
    __cpp_initialize__aeabi_                  - Undefined Weak Reference
    __cxa_finalize                            - Undefined Weak Reference
    __decompress                              - Undefined Weak Reference
    _clock_init                               - Undefined Weak Reference
    _microlib_exit                            - Undefined Weak Reference
    __Vectors_Size                           0x000001ac   Number         0  startup_stm32f429xx.o ABSOLUTE
    __Vectors                                0x08000000   Data           4  startup_stm32f429xx.o(RESET)
    __Vectors_End                            0x080001ac   Data           0  startup_stm32f429xx.o(RESET)
    __main                                   0x080001ad   Thumb Code     0  entry.o(.ARM.Collect$$$$00000000)
    _main_stk                                0x080001ad   Thumb Code     0  entry2.o(.ARM.Collect$$$$00000001)
    _main_scatterload                        0x080001b1   Thumb Code     0  entry5.o(.ARM.Collect$$$$00000004)
    __main_after_scatterload                 0x080001b5   Thumb Code     0  entry5.o(.ARM.Collect$$$$00000004)
    _main_clock                              0x080001b5   Thumb Code     0  entry7b.o(.ARM.Collect$$$$00000008)
    _main_cpp_init                           0x080001b5   Thumb Code     0  entry8b.o(.ARM.Collect$$$$0000000A)
    _main_init                               0x080001b5   Thumb Code     0  entry9a.o(.ARM.Collect$$$$0000000B)
    __rt_final_cpp                           0x080001bd   Thumb Code     0  entry10a.o(.ARM.Collect$$$$0000000D)
    __rt_final_exit                          0x080001bd   Thumb Code     0  entry11a.o(.ARM.Collect$$$$0000000F)
    Reset_Handler                            0x080001c1   Thumb Code     8  startup_stm32f429xx.o(.text)
    ADC_IRQHandler                           0x080001db   Thumb Code     0  startup_stm32f429xx.o(.text)
    CAN1_RX0_IRQHandler                      0x080001db   Thumb Code     0  startup_stm32f429xx.o(.text)
    CAN1_RX1_IRQHandler                      0x080001db   Thumb Code     0  startup_stm32f429xx.o(.text)
    CAN1_SCE_IRQHandler                      0x080001db   Thumb Code     0  startup_stm32f429xx.o(.text)
    CAN1_TX_IRQHandler                       0x080001db   Thumb Code     0  startup_stm32f429xx.o(.text)
    CAN2_RX0_IRQHandler                      0x080001db   Thumb Code     0  startup_stm32f429xx.o(.text)
    CAN2_RX1_IRQHandler                      0x080001db   Thumb Code     0  startup_stm32f429xx.o(.text)
    CAN2_SCE_IRQHandler                      0x080001db   Thumb Code     0  startup_stm32f429xx.o(.text)
    CAN2_TX_IRQHandler                       0x080001db   Thumb Code     0  startup_stm32f429xx.o(.text)
    DCMI_IRQHandler                          0x080001db   Thumb Code     0  startup_stm32f429xx.o(.text)
    DMA1_Stream0_IRQHandler                  0x080001db   Thumb Code     0  startup_stm32f429xx.o(.text)
    DMA1_Stream1_IRQHandler                  0x080001db   Thumb Code     0  startup_stm32f429xx.o(.text)
    DMA1_Stream2_IRQHandler                  0x080001db   Thumb Code     0  startup_stm32f429xx.o(.text)
    DMA1_Stream3_IRQHandler                  0x080001db   Thumb Code     0  startup_stm32f429xx.o(.text)
    DMA1_Stream4_IRQHandler                  0x080001db   Thumb Code     0  startup_stm32f429xx.o(.text)
    DMA1_Stream5_IRQHandler                  0x080001db   Thumb Code     0  startup_stm32f429xx.o(.text)
    DMA1_Stream6_IRQHandler                  0x080001db   Thumb Code     0  startup_stm32f429xx.o(.text)
    DMA1_Stream7_IRQHandler                  0x080001db   Thumb Code     0  startup_stm32f429xx.o(.text)
    DMA2D_IRQHandler                         0x080001db   Thumb Code     0  startup_stm32f429xx.o(.text)
    DMA2_Stream0_IRQHandler                  0x080001db   Thumb Code     0  startup_stm32f429xx.o(.text)
    DMA2_Stream1_IRQHandler                  0x080001db   Thumb Code     0  startup_stm32f429xx.o(.text)
    DMA2_Stream2_IRQHandler                  0x080001db   Thumb Code     0  startup_stm32f429xx.o(.text)
    DMA2_Stream3_IRQHandler                  0x080001db   Thumb Code     0  startup_stm32f429xx.o(.text)
    DMA2_Stream4_IRQHandler                  0x080001db   Thumb Code     0  startup_stm32f429xx.o(.text)
    DMA2_Stream5_IRQHandler                  0x080001db   Thumb Code     0  startup_stm32f429xx.o(.text)
    DMA2_Stream6_IRQHandler                  0x080001db   Thumb Code     0  startup_stm32f429xx.o(.text)
    DMA2_Stream7_IRQHandler                  0x080001db   Thumb Code     0  startup_stm32f429xx.o(.text)
    ETH_IRQHandler                           0x080001db   Thumb Code     0  startup_stm32f429xx.o(.text)
    ETH_WKUP_IRQHandler                      0x080001db   Thumb Code     0  startup_stm32f429xx.o(.text)
    EXTI0_IRQHandler                         0x080001db   Thumb Code     0  startup_stm32f429xx.o(.text)
    EXTI15_10_IRQHandler                     0x080001db   Thumb Code     0  startup_stm32f429xx.o(.text)
    EXTI1_IRQHandler                         0x080001db   Thumb Code     0  startup_stm32f429xx.o(.text)
    EXTI2_IRQHandler                         0x080001db   Thumb Code     0  startup_stm32f429xx.o(.text)
    EXTI3_IRQHandler                         0x080001db   Thumb Code     0  startup_stm32f429xx.o(.text)
    EXTI4_IRQHandler                         0x080001db   Thumb Code     0  startup_stm32f429xx.o(.text)
    EXTI9_5_IRQHandler                       0x080001db   Thumb Code     0  startup_stm32f429xx.o(.text)
    FLASH_IRQHandler                         0x080001db   Thumb Code     0  startup_stm32f429xx.o(.text)
    FMC_IRQHandler                           0x080001db   Thumb Code     0  startup_stm32f429xx.o(.text)
    FPU_IRQHandler                           0x080001db   Thumb Code     0  startup_stm32f429xx.o(.text)
    HASH_RNG_IRQHandler                      0x080001db   Thumb Code     0  startup_stm32f429xx.o(.text)
    I2C1_ER_IRQHandler                       0x080001db   Thumb Code     0  startup_stm32f429xx.o(.text)
    I2C1_EV_IRQHandler                       0x080001db   Thumb Code     0  startup_stm32f429xx.o(.text)
    I2C2_ER_IRQHandler                       0x080001db   Thumb Code     0  startup_stm32f429xx.o(.text)
    I2C2_EV_IRQHandler                       0x080001db   Thumb Code     0  startup_stm32f429xx.o(.text)
    I2C3_ER_IRQHandler                       0x080001db   Thumb Code     0  startup_stm32f429xx.o(.text)
    I2C3_EV_IRQHandler                       0x080001db   Thumb Code     0  startup_stm32f429xx.o(.text)
    LTDC_ER_IRQHandler                       0x080001db   Thumb Code     0  startup_stm32f429xx.o(.text)
    LTDC_IRQHandler                          0x080001db   Thumb Code     0  startup_stm32f429xx.o(.text)
    OTG_FS_IRQHandler                        0x080001db   Thumb Code     0  startup_stm32f429xx.o(.text)
    OTG_FS_WKUP_IRQHandler                   0x080001db   Thumb Code     0  startup_stm32f429xx.o(.text)
    OTG_HS_EP1_IN_IRQHandler                 0x080001db   Thumb Code     0  startup_stm32f429xx.o(.text)
    OTG_HS_EP1_OUT_IRQHandler                0x080001db   Thumb Code     0  startup_stm32f429xx.o(.text)
    OTG_HS_WKUP_IRQHandler                   0x080001db   Thumb Code     0  startup_stm32f429xx.o(.text)
    PVD_IRQHandler                           0x080001db   Thumb Code     0  startup_stm32f429xx.o(.text)
    RCC_IRQHandler                           0x080001db   Thumb Code     0  startup_stm32f429xx.o(.text)
    RTC_Alarm_IRQHandler                     0x080001db   Thumb Code     0  startup_stm32f429xx.o(.text)
    RTC_WKUP_IRQHandler                      0x080001db   Thumb Code     0  startup_stm32f429xx.o(.text)
    SAI1_IRQHandler                          0x080001db   Thumb Code     0  startup_stm32f429xx.o(.text)
    SDIO_IRQHandler                          0x080001db   Thumb Code     0  startup_stm32f429xx.o(.text)
    SPI1_IRQHandler                          0x080001db   Thumb Code     0  startup_stm32f429xx.o(.text)
    SPI2_IRQHandler                          0x080001db   Thumb Code     0  startup_stm32f429xx.o(.text)
    SPI3_IRQHandler                          0x080001db   Thumb Code     0  startup_stm32f429xx.o(.text)
    SPI4_IRQHandler                          0x080001db   Thumb Code     0  startup_stm32f429xx.o(.text)
    SPI5_IRQHandler                          0x080001db   Thumb Code     0  startup_stm32f429xx.o(.text)
    SPI6_IRQHandler                          0x080001db   Thumb Code     0  startup_stm32f429xx.o(.text)
    TAMP_STAMP_IRQHandler                    0x080001db   Thumb Code     0  startup_stm32f429xx.o(.text)
    TIM1_BRK_TIM9_IRQHandler                 0x080001db   Thumb Code     0  startup_stm32f429xx.o(.text)
    TIM1_CC_IRQHandler                       0x080001db   Thumb Code     0  startup_stm32f429xx.o(.text)
    TIM1_TRG_COM_TIM11_IRQHandler            0x080001db   Thumb Code     0  startup_stm32f429xx.o(.text)
    TIM1_UP_TIM10_IRQHandler                 0x080001db   Thumb Code     0  startup_stm32f429xx.o(.text)
    TIM2_IRQHandler                          0x080001db   Thumb Code     0  startup_stm32f429xx.o(.text)
    TIM3_IRQHandler                          0x080001db   Thumb Code     0  startup_stm32f429xx.o(.text)
    TIM4_IRQHandler                          0x080001db   Thumb Code     0  startup_stm32f429xx.o(.text)
    TIM5_IRQHandler                          0x080001db   Thumb Code     0  startup_stm32f429xx.o(.text)
    TIM6_DAC_IRQHandler                      0x080001db   Thumb Code     0  startup_stm32f429xx.o(.text)
    TIM7_IRQHandler                          0x080001db   Thumb Code     0  startup_stm32f429xx.o(.text)
    TIM8_BRK_TIM12_IRQHandler                0x080001db   Thumb Code     0  startup_stm32f429xx.o(.text)
    TIM8_CC_IRQHandler                       0x080001db   Thumb Code     0  startup_stm32f429xx.o(.text)
    TIM8_TRG_COM_TIM14_IRQHandler            0x080001db   Thumb Code     0  startup_stm32f429xx.o(.text)
    TIM8_UP_TIM13_IRQHandler                 0x080001db   Thumb Code     0  startup_stm32f429xx.o(.text)
    UART4_IRQHandler                         0x080001db   Thumb Code     0  startup_stm32f429xx.o(.text)
    UART5_IRQHandler                         0x080001db   Thumb Code     0  startup_stm32f429xx.o(.text)
    UART7_IRQHandler                         0x080001db   Thumb Code     0  startup_stm32f429xx.o(.text)
    UART8_IRQHandler                         0x080001db   Thumb Code     0  startup_stm32f429xx.o(.text)
    USART1_IRQHandler                        0x080001db   Thumb Code     0  startup_stm32f429xx.o(.text)
    USART2_IRQHandler                        0x080001db   Thumb Code     0  startup_stm32f429xx.o(.text)
    USART3_IRQHandler                        0x080001db   Thumb Code     0  startup_stm32f429xx.o(.text)
    USART6_IRQHandler                        0x080001db   Thumb Code     0  startup_stm32f429xx.o(.text)
    WWDG_IRQHandler                          0x080001db   Thumb Code     0  startup_stm32f429xx.o(.text)
    __aeabi_uldivmod                         0x080001e5   Thumb Code    98  uldiv.o(.text)
    __aeabi_memcpy                           0x08000247   Thumb Code    36  memcpya.o(.text)
    __aeabi_memcpy4                          0x08000247   Thumb Code     0  memcpya.o(.text)
    __aeabi_memcpy8                          0x08000247   Thumb Code     0  memcpya.o(.text)
    __aeabi_memset                           0x0800026b   Thumb Code    14  memseta.o(.text)
    __aeabi_memset4                          0x0800026b   Thumb Code     0  memseta.o(.text)
    __aeabi_memset8                          0x0800026b   Thumb Code     0  memseta.o(.text)
    __aeabi_memclr                           0x08000279   Thumb Code     4  memseta.o(.text)
    __aeabi_memclr4                          0x08000279   Thumb Code     0  memseta.o(.text)
    __aeabi_memclr8                          0x08000279   Thumb Code     0  memseta.o(.text)
    _memset$wrapper                          0x0800027d   Thumb Code    18  memseta.o(.text)
    __aeabi_llsl                             0x0800028f   Thumb Code    30  llshl.o(.text)
    _ll_shift_l                              0x0800028f   Thumb Code     0  llshl.o(.text)
    __aeabi_llsr                             0x080002ad   Thumb Code    32  llushr.o(.text)
    _ll_ushift_r                             0x080002ad   Thumb Code     0  llushr.o(.text)
    __scatterload                            0x080002cd   Thumb Code    38  init.o(.text)
    __scatterload_rt2                        0x080002cd   Thumb Code     0  init.o(.text)
    BusFault_Handler                         0x080002fd   Thumb Code     4  stm32f4xx_it.o(.text.BusFault_Handler)
    DebugMon_Handler                         0x080003d9   Thumb Code     2  stm32f4xx_it.o(.text.DebugMon_Handler)
    FATFS_LinkDriver                         0x080003e1   Thumb Code    22  ff_gen_drv.o(.text.FATFS_LinkDriver)
    FATFS_LinkDriverEx                       0x080003f9   Thumb Code   124  ff_gen_drv.o(.text.FATFS_LinkDriverEx)
    FATFS_UnLinkDriver                       0x08000475   Thumb Code    18  ff_gen_drv.o(.text.FATFS_UnLinkDriver)
    FATFS_UnLinkDriverEx                     0x08000489   Thumb Code   118  ff_gen_drv.o(.text.FATFS_UnLinkDriverEx)
    HAL_Delay                                0x08000501   Thumb Code    66  stm32f4xx_hal.o(.text.HAL_Delay)
    HAL_GPIO_Init                            0x08000545   Thumb Code  1006  stm32f4xx_hal_gpio.o(.text.HAL_GPIO_Init)
    HAL_GetTick                              0x08000935   Thumb Code    12  stm32f4xx_hal.o(.text.HAL_GetTick)
    HAL_HCD_Connect_Callback                 0x08000941   Thumb Code    20  usbh_conf.o(.text.HAL_HCD_Connect_Callback)
    HAL_HCD_Disconnect_Callback              0x08000955   Thumb Code    20  usbh_conf.o(.text.HAL_HCD_Disconnect_Callback)
    HAL_HCD_GetCurrentFrame                  0x08000969   Thumb Code    18  stm32f4xx_hal_hcd.o(.text.HAL_HCD_GetCurrentFrame)
    HAL_HCD_GetCurrentSpeed                  0x0800097d   Thumb Code    18  stm32f4xx_hal_hcd.o(.text.HAL_HCD_GetCurrentSpeed)
    HAL_HCD_HC_ClearHubInfo                  0x08000991   Thumb Code    82  stm32f4xx_hal_hcd.o(.text.HAL_HCD_HC_ClearHubInfo)
    HAL_HCD_HC_GetURBState                   0x080009e5   Thumb Code    30  stm32f4xx_hal_hcd.o(.text.HAL_HCD_HC_GetURBState)
    HAL_HCD_HC_GetXferCount                  0x08000a05   Thumb Code    28  stm32f4xx_hal_hcd.o(.text.HAL_HCD_HC_GetXferCount)
    HAL_HCD_HC_Halt                          0x08000a21   Thumb Code    92  stm32f4xx_hal_hcd.o(.text.HAL_HCD_HC_Halt)
    HAL_HCD_HC_Init                          0x08000a7d   Thumb Code   416  stm32f4xx_hal_hcd.o(.text.HAL_HCD_HC_Init)
    HAL_HCD_HC_NotifyURBChange_Callback      0x08000c1d   Thumb Code    16  usbh_conf.o(.text.HAL_HCD_HC_NotifyURBChange_Callback)
    HAL_HCD_HC_SubmitRequest                 0x08000c2d   Thumb Code   850  stm32f4xx_hal_hcd.o(.text.HAL_HCD_HC_SubmitRequest)
    HAL_HCD_IRQHandler                       0x08000f81   Thumb Code   484  stm32f4xx_hal_hcd.o(.text.HAL_HCD_IRQHandler)
    HAL_HCD_Init                             0x08001165   Thumb Code   264  stm32f4xx_hal_hcd.o(.text.HAL_HCD_Init)
    HAL_HCD_MspInit                          0x0800126d   Thumb Code   334  usbh_conf.o(.text.HAL_HCD_MspInit)
    HAL_HCD_PortDisabled_Callback            0x080013bd   Thumb Code    20  usbh_conf.o(.text.HAL_HCD_PortDisabled_Callback)
    HAL_HCD_PortEnabled_Callback             0x080013d1   Thumb Code    20  usbh_conf.o(.text.HAL_HCD_PortEnabled_Callback)
    HAL_HCD_ResetPort                        0x080013e5   Thumb Code    18  stm32f4xx_hal_hcd.o(.text.HAL_HCD_ResetPort)
    HAL_HCD_SOF_Callback                     0x080013f9   Thumb Code    20  usbh_conf.o(.text.HAL_HCD_SOF_Callback)
    HAL_HCD_Start                            0x0800140d   Thumb Code    86  stm32f4xx_hal_hcd.o(.text.HAL_HCD_Start)
    HAL_HCD_Stop                             0x08001465   Thumb Code    76  stm32f4xx_hal_hcd.o(.text.HAL_HCD_Stop)
    HAL_IncTick                              0x080014b1   Thumb Code    26  stm32f4xx_hal.o(.text.HAL_IncTick)
    HAL_Init                                 0x080014cd   Thumb Code    54  stm32f4xx_hal.o(.text.HAL_Init)
    HAL_InitTick                             0x08001505   Thumb Code   112  stm32f4xx_hal.o(.text.HAL_InitTick)
    HAL_MspInit                              0x08001575   Thumb Code     2  stm32f4xx_hal.o(.text.HAL_MspInit)
    HAL_NVIC_EnableIRQ                       0x08001579   Thumb Code    20  stm32f4xx_hal_cortex.o(.text.HAL_NVIC_EnableIRQ)
    HAL_NVIC_SetPriority                     0x0800158d   Thumb Code    50  stm32f4xx_hal_cortex.o(.text.HAL_NVIC_SetPriority)
    HAL_NVIC_SetPriorityGrouping             0x080015c1   Thumb Code    16  stm32f4xx_hal_cortex.o(.text.HAL_NVIC_SetPriorityGrouping)
    HAL_RCC_ClockConfig                      0x080015d1   Thumb Code   610  stm32f4xx_hal_rcc.o(.text.HAL_RCC_ClockConfig)
    HAL_RCC_GetSysClockFreq                  0x08001835   Thumb Code   230  stm32f4xx_hal_rcc.o(.text.HAL_RCC_GetSysClockFreq)
    HAL_RCC_OscConfig                        0x0800191d   Thumb Code  1726  stm32f4xx_hal_rcc.o(.text.HAL_RCC_OscConfig)
    HAL_SYSTICK_Config                       0x08001fdd   Thumb Code    16  stm32f4xx_hal_cortex.o(.text.HAL_SYSTICK_Config)
    HardFault_Handler                        0x0800368d   Thumb Code     4  stm32f4xx_it.o(.text.HardFault_Handler)
    MemManage_Handler                        0x080037a1   Thumb Code     4  stm32f4xx_it.o(.text.MemManage_Handler)
    NMI_Handler                              0x080037a5   Thumb Code     2  stm32f4xx_it.o(.text.NMI_Handler)
    OTG_HS_IRQHandler                        0x08003815   Thumb Code    16  stm32f4xx_it.o(.text.OTG_HS_IRQHandler)
    PendSV_Handler                           0x08003825   Thumb Code     2  stm32f4xx_it.o(.text.PendSV_Handler)
    SVC_Handler                              0x08003829   Thumb Code     2  stm32f4xx_it.o(.text.SVC_Handler)
    SysTick_Handler                          0x08003881   Thumb Code     8  stm32f4xx_it.o(.text.SysTick_Handler)
    SystemInit                               0x08003921   Thumb Code    18  system_stm32f4xx.o(.text.SystemInit)
    USBH_AllocPipe                           0x08003935   Thumb Code    70  usbh_pipes.o(.text.USBH_AllocPipe)
    USBH_BulkReceiveData                     0x0800397d   Thumb Code    64  usbh_ioreq.o(.text.USBH_BulkReceiveData)
    USBH_BulkSendData                        0x080039bd   Thumb Code    92  usbh_ioreq.o(.text.USBH_BulkSendData)
    USBH_ClosePipe                           0x08003a19   Thumb Code    26  usbh_pipes.o(.text.USBH_ClosePipe)
    USBH_ClrFeature                          0x08003a35   Thumb Code    66  usbh_ctlreq.o(.text.USBH_ClrFeature)
    USBH_CtlReceiveData                      0x08003a79   Thumb Code    62  usbh_ioreq.o(.text.USBH_CtlReceiveData)
    USBH_CtlReq                              0x08003ab9   Thumb Code   148  usbh_ctlreq.o(.text.USBH_CtlReq)
    USBH_CtlSendData                         0x08003b4d   Thumb Code    92  usbh_ioreq.o(.text.USBH_CtlSendData)
    USBH_CtlSendSetup                        0x08003ba9   Thumb Code    56  usbh_ioreq.o(.text.USBH_CtlSendSetup)
    USBH_Delay                               0x08003be1   Thumb Code    16  usbh_conf.o(.text.USBH_Delay)
    USBH_FindInterface                       0x08003bf1   Thumb Code   170  usbh_core.o(.text.USBH_FindInterface)
    USBH_FreePipe                            0x08003c9d   Thumb Code    48  usbh_pipes.o(.text.USBH_FreePipe)
    USBH_GetDescriptor                       0x08003ccd   Thumb Code   122  usbh_ctlreq.o(.text.USBH_GetDescriptor)
    USBH_GetNextDesc                         0x08003da5   Thumb Code    32  usbh_ctlreq.o(.text.USBH_GetNextDesc)
    USBH_Get_CfgDesc                         0x08003dc5   Thumb Code   106  usbh_ctlreq.o(.text.USBH_Get_CfgDesc)
    USBH_Get_DevDesc                         0x08003e31   Thumb Code   104  usbh_ctlreq.o(.text.USBH_Get_DevDesc)
    USBH_Get_StringDesc                      0x08003e99   Thumb Code   120  usbh_ctlreq.o(.text.USBH_Get_StringDesc)
    USBH_Init                                0x080045fd   Thumb Code   122  usbh_core.o(.text.USBH_Init)
    USBH_LL_ClosePipe                        0x08004679   Thumb Code    30  usbh_conf.o(.text.USBH_LL_ClosePipe)
    USBH_LL_Connect                          0x08004699   Thumb Code    30  usbh_core.o(.text.USBH_LL_Connect)
    USBH_LL_Disconnect                       0x080046b9   Thumb Code    58  usbh_core.o(.text.USBH_LL_Disconnect)
    USBH_LL_DriverVBUS                       0x080046f5   Thumb Code    34  usbh_conf.o(.text.USBH_LL_DriverVBUS)
    USBH_LL_GetLastXferSize                  0x08004719   Thumb Code    28  usbh_conf.o(.text.USBH_LL_GetLastXferSize)
    USBH_LL_GetSpeed                         0x08004735   Thumb Code    86  usbh_conf.o(.text.USBH_LL_GetSpeed)
    USBH_LL_GetToggle                        0x0800478d   Thumb Code   108  usbh_conf.o(.text.USBH_LL_GetToggle)
    USBH_LL_GetURBState                      0x080047f9   Thumb Code    28  usbh_conf.o(.text.USBH_LL_GetURBState)
    USBH_LL_IncTimer                         0x08004815   Thumb Code    28  usbh_core.o(.text.USBH_LL_IncTimer)
    USBH_LL_Init                             0x08004831   Thumb Code    88  usbh_conf.o(.text.USBH_LL_Init)
    USBH_LL_OpenPipe                         0x08004889   Thumb Code    96  usbh_conf.o(.text.USBH_LL_OpenPipe)
    USBH_LL_PortDisabled                     0x080048e9   Thumb Code    16  usbh_core.o(.text.USBH_LL_PortDisabled)
    USBH_LL_PortEnabled                      0x080048f9   Thumb Code    16  usbh_core.o(.text.USBH_LL_PortEnabled)
    USBH_LL_ResetPort                        0x08004909   Thumb Code    22  usbh_conf.o(.text.USBH_LL_ResetPort)
    USBH_LL_SetTimer                         0x08004921   Thumb Code    18  usbh_core.o(.text.USBH_LL_SetTimer)
    USBH_LL_SetToggle                        0x08004935   Thumb Code   104  usbh_conf.o(.text.USBH_LL_SetToggle)
    USBH_LL_Start                            0x0800499d   Thumb Code    22  usbh_conf.o(.text.USBH_LL_Start)
    USBH_LL_Stop                             0x080049b5   Thumb Code    22  usbh_conf.o(.text.USBH_LL_Stop)
    USBH_LL_SubmitURB                        0x080049cd   Thumb Code   104  usbh_conf.o(.text.USBH_LL_SubmitURB)
    USBH_MSC_BOT_Init                        0x08004a91   Thumb Code    58  usbh_msc_bot.o(.text.USBH_MSC_BOT_Init)
    USBH_MSC_BOT_Process                     0x08004acd   Thumb Code   952  usbh_msc_bot.o(.text.USBH_MSC_BOT_Process)
    USBH_MSC_BOT_REQ_GetMaxLUN               0x08004e85   Thumb Code    48  usbh_msc_bot.o(.text.USBH_MSC_BOT_REQ_GetMaxLUN)
    USBH_MSC_BOT_REQ_Reset                   0x08004eb5   Thumb Code    44  usbh_msc_bot.o(.text.USBH_MSC_BOT_REQ_Reset)
    USBH_MSC_GetLUNInfo                      0x0800506d   Thumb Code   170  usbh_msc.o(.text.USBH_MSC_GetLUNInfo)
    USBH_MSC_Read                            0x08005a75   Thumb Code   216  usbh_msc.o(.text.USBH_MSC_Read)
    USBH_MSC_SCSI_Inquiry                    0x08005b4d   Thumb Code   342  usbh_msc_scsi.o(.text.USBH_MSC_SCSI_Inquiry)
    USBH_MSC_SCSI_Read                       0x08005ca5   Thumb Code   240  usbh_msc_scsi.o(.text.USBH_MSC_SCSI_Read)
    USBH_MSC_SCSI_ReadCapacity               0x08005d95   Thumb Code   202  usbh_msc_scsi.o(.text.USBH_MSC_SCSI_ReadCapacity)
    USBH_MSC_SCSI_RequestSense               0x08005e61   Thumb Code   264  usbh_msc_scsi.o(.text.USBH_MSC_SCSI_RequestSense)
    USBH_MSC_SCSI_TestUnitReady              0x08005f69   Thumb Code   142  usbh_msc_scsi.o(.text.USBH_MSC_SCSI_TestUnitReady)
    USBH_MSC_SCSI_Write                      0x08005ff9   Thumb Code   238  usbh_msc_scsi.o(.text.USBH_MSC_SCSI_Write)
    USBH_MSC_UnitIsReady                     0x080060f5   Thumb Code    82  usbh_msc.o(.text.USBH_MSC_UnitIsReady)
    USBH_MSC_Write                           0x08006149   Thumb Code   216  usbh_msc.o(.text.USBH_MSC_Write)
    USBH_OpenPipe                            0x08006221   Thumb Code    92  usbh_pipes.o(.text.USBH_OpenPipe)
    USBH_Process                             0x0800691d   Thumb Code   946  usbh_core.o(.text.USBH_Process)
    USBH_RegisterClass                       0x08006cd1   Thumb Code    84  usbh_core.o(.text.USBH_RegisterClass)
    USBH_SelectInterface                     0x08006d25   Thumb Code    58  usbh_core.o(.text.USBH_SelectInterface)
    USBH_SetAddress                          0x08006d61   Thumb Code    64  usbh_ctlreq.o(.text.USBH_SetAddress)
    USBH_SetCfg                              0x08006da1   Thumb Code    64  usbh_ctlreq.o(.text.USBH_SetCfg)
    USBH_SetFeature                          0x08006de1   Thumb Code    64  usbh_ctlreq.o(.text.USBH_SetFeature)
    USBH_Start                               0x08006e21   Thumb Code    26  usbh_core.o(.text.USBH_Start)
    USBH_initialize                          0x08006e99   Thumb Code    12  usbh_diskio_dma.o(.text.USBH_initialize)
    USBH_ioctl                               0x08006ea5   Thumb Code   210  usbh_diskio_dma.o(.text.USBH_ioctl)
    USBH_read                                0x08006f79   Thumb Code   298  usbh_diskio_dma.o(.text.USBH_read)
    USBH_status                              0x080070a5   Thumb Code    58  usbh_diskio_dma.o(.text.USBH_status)
    USBH_write                               0x080070e1   Thumb Code   284  usbh_diskio_dma.o(.text.USBH_write)
    USB_CoreInit                             0x080071fd   Thumb Code   214  stm32f4xx_ll_usb.o(.text.USB_CoreInit)
    USB_DisableGlobalInt                     0x0800734d   Thumb Code    20  stm32f4xx_ll_usb.o(.text.USB_DisableGlobalInt)
    USB_DoPing                               0x08007361   Thumb Code    94  stm32f4xx_ll_usb.o(.text.USB_DoPing)
    USB_DriveVbus                            0x080073c1   Thumb Code   104  stm32f4xx_ll_usb.o(.text.USB_DriveVbus)
    USB_EnableGlobalInt                      0x08007429   Thumb Code    20  stm32f4xx_ll_usb.o(.text.USB_EnableGlobalInt)
    USB_FlushRxFifo                          0x0800743d   Thumb Code   116  stm32f4xx_ll_usb.o(.text.USB_FlushRxFifo)
    USB_FlushTxFifo                          0x080074b1   Thumb Code   122  stm32f4xx_ll_usb.o(.text.USB_FlushTxFifo)
    USB_GetCurrentFrame                      0x0800752d   Thumb Code    20  stm32f4xx_ll_usb.o(.text.USB_GetCurrentFrame)
    USB_GetHostSpeed                         0x08007541   Thumb Code    30  stm32f4xx_ll_usb.o(.text.USB_GetHostSpeed)
    USB_GetMode                              0x08007561   Thumb Code    16  stm32f4xx_ll_usb.o(.text.USB_GetMode)
    USB_HC_Halt                              0x08007571   Thumb Code   476  stm32f4xx_ll_usb.o(.text.USB_HC_Halt)
    USB_HC_Init                              0x0800774d   Thumb Code   568  stm32f4xx_ll_usb.o(.text.USB_HC_Init)
    USB_HC_ReadInterrupt                     0x08007985   Thumb Code    20  stm32f4xx_ll_usb.o(.text.USB_HC_ReadInterrupt)
    USB_HC_StartXfer                         0x08007999   Thumb Code  1186  stm32f4xx_ll_usb.o(.text.USB_HC_StartXfer)
    USB_HostInit                             0x08007e3d   Thumb Code   390  stm32f4xx_ll_usb.o(.text.USB_HostInit)
    USB_InitFSLSPClkSel                      0x08007fc5   Thumb Code   116  stm32f4xx_ll_usb.o(.text.USB_InitFSLSPClkSel)
    USB_ReadChInterrupts                     0x08008039   Thumb Code    54  stm32f4xx_ll_usb.o(.text.USB_ReadChInterrupts)
    USB_ReadInterrupts                       0x08008071   Thumb Code    26  stm32f4xx_ll_usb.o(.text.USB_ReadInterrupts)
    USB_ReadPacket                           0x0800808d   Thumb Code   180  stm32f4xx_ll_usb.o(.text.USB_ReadPacket)
    USB_ResetPort                            0x08008141   Thumb Code    74  stm32f4xx_ll_usb.o(.text.USB_ResetPort)
    USB_SetCurrentMode                       0x0800818d   Thumb Code   222  stm32f4xx_ll_usb.o(.text.USB_SetCurrentMode)
    USB_StopHost                             0x0800826d   Thumb Code   288  stm32f4xx_ll_usb.o(.text.USB_StopHost)
    USB_WritePacket                          0x0800838d   Thumb Code   130  stm32f4xx_ll_usb.o(.text.USB_WritePacket)
    UsageFault_Handler                       0x08008411   Thumb Code     4  stm32f4xx_it.o(.text.UsageFault_Handler)
    disk_initialize                          0x08008fa5   Thumb Code    98  diskio.o(.text.disk_initialize)
    disk_ioctl                               0x08009009   Thumb Code    58  diskio.o(.text.disk_ioctl)
    disk_read                                0x08009045   Thumb Code    60  diskio.o(.text.disk_read)
    disk_status                              0x08009081   Thumb Code    46  diskio.o(.text.disk_status)
    disk_write                               0x080090b1   Thumb Code    60  diskio.o(.text.disk_write)
    f_close                                  0x08009139   Thumb Code    84  ff.o(.text.f_close)
    f_mount                                  0x0800918d   Thumb Code   164  ff.o(.text.f_mount)
    f_open                                   0x08009231   Thumb Code   928  ff.o(.text.f_open)
    f_read                                   0x080095d1   Thumb Code   642  ff.o(.text.f_read)
    f_sync                                   0x08009855   Thumb Code   232  ff.o(.text.f_sync)
    f_write                                  0x0800993d   Thumb Code   750  ff.o(.text.f_write)
    get_fattime                              0x0800a33d   Thumb Code     4  diskio.o(.text.get_fattime)
    main                                     0x0800a5d5   Thumb Code   152  main.o(.text.main)
    __scatterload_copy                       0x0800ac9f   Thumb Code    14  handlers.o(i.__scatterload_copy)
    __scatterload_null                       0x0800acad   Thumb Code     2  handlers.o(i.__scatterload_null)
    __scatterload_zeroinit                   0x0800acaf   Thumb Code    14  handlers.o(i.__scatterload_zeroinit)
    free                                     0x0800acbd   Thumb Code    76  malloc.o(i.free)
    malloc                                   0x0800ad0d   Thumb Code    92  malloc.o(i.malloc)
    AHBPrescTable                            0x0800ad78   Data          16  system_stm32f4xx.o(.rodata.AHBPrescTable)
    USBH_Driver                              0x0800ae08   Data          20  usbh_diskio_dma.o(.rodata.USBH_Driver)
    Region$$Table$$Base                      0x0800ae90   Number         0  anon$$obj.o(Region$$Table)
    Region$$Table$$Limit                     0x0800aeb0   Number         0  anon$$obj.o(Region$$Table)
    __microlib_freelist                      0x20000000   Data           4  mvars.o(.data)
    __microlib_freelist_initialised          0x20000004   Data           4  mvars.o(.data)
    SystemCoreClock                          0x20000008   Data           4  system_stm32f4xx.o(.data.SystemCoreClock)
    USBH_msc                                 0x2000000c   Data          32  usbh_msc.o(.data.USBH_msc)
    uwTickFreq                               0x2000002c   Data           1  stm32f4xx_hal.o(.data.uwTickFreq)
    uwTickPrio                               0x20000030   Data           4  stm32f4xx_hal.o(.data.uwTickPrio)
    Appli_state                              0x20000038   Data           1  main.o(.bss.Appli_state)
    MyFile                                   0x20000068   Data         560  main.o(.bss.MyFile)
    USBDISKFatFs                             0x20000298   Data         560  main.o(.bss.USBDISKFatFs)
    USBDISKPath                              0x200004c8   Data           4  main.o(.bss.USBDISKPath)
    disk                                     0x200004cc   Data          16  ff_gen_drv.o(.bss.disk)
    hUSBHost                                 0x200004dc   Data        1240  main.o(.bss.hUSBHost)
    hhcd                                     0x200009b4   Data         992  usbh_conf.o(.bss.hhcd)
    uwTick                                   0x20000f94   Data           4  stm32f4xx_hal.o(.bss.uwTick)
    __heap_base                              0x20000f98   Data           0  startup_stm32f429xx.o(HEAP)
    __heap_limit                             0x20001398   Data           0  startup_stm32f429xx.o(HEAP)
    __initial_sp                             0x20001b98   Data           0  startup_stm32f429xx.o(STACK)



==============================================================================

Memory Map of the image

  Image Entry point : 0x080001ad

  Load Region LR_IROM1 (Base: 0x08000000, Size: 0x0000aee8, Max: 0x00200000, ABSOLUTE)

    Execution Region ER_IROM1 (Exec base: 0x08000000, Load base: 0x08000000, Size: 0x0000aeb0, Max: 0x00200000, ABSOLUTE)

    Exec Addr    Load Addr    Size         Type   Attr      Idx    E Section Name        Object

    0x08000000   0x08000000   0x000001ac   Data   RO          880    RESET               startup_stm32f429xx.o
    0x080001ac   0x080001ac   0x00000000   Code   RO          887  * .ARM.Collect$$$$00000000  mc_w.l(entry.o)
    0x080001ac   0x080001ac   0x00000004   Code   RO          926    .ARM.Collect$$$$00000001  mc_w.l(entry2.o)
    0x080001b0   0x080001b0   0x00000004   Code   RO          929    .ARM.Collect$$$$00000004  mc_w.l(entry5.o)
    0x080001b4   0x080001b4   0x00000000   Code   RO          931    .ARM.Collect$$$$00000008  mc_w.l(entry7b.o)
    0x080001b4   0x080001b4   0x00000000   Code   RO          933    .ARM.Collect$$$$0000000A  mc_w.l(entry8b.o)
    0x080001b4   0x080001b4   0x00000008   Code   RO          934    .ARM.Collect$$$$0000000B  mc_w.l(entry9a.o)
    0x080001bc   0x080001bc   0x00000000   Code   RO          936    .ARM.Collect$$$$0000000D  mc_w.l(entry10a.o)
    0x080001bc   0x080001bc   0x00000000   Code   RO          938    .ARM.Collect$$$$0000000F  mc_w.l(entry11a.o)
    0x080001bc   0x080001bc   0x00000004   Code   RO          927    .ARM.Collect$$$$00002712  mc_w.l(entry2.o)
    0x080001c0   0x080001c0   0x00000024   Code   RO          881    .text               startup_stm32f429xx.o
    0x080001e4   0x080001e4   0x00000062   Code   RO          890    .text               mc_w.l(uldiv.o)
    0x08000246   0x08000246   0x00000024   Code   RO          892    .text               mc_w.l(memcpya.o)
    0x0800026a   0x0800026a   0x00000024   Code   RO          894    .text               mc_w.l(memseta.o)
    0x0800028e   0x0800028e   0x0000001e   Code   RO          940    .text               mc_w.l(llshl.o)
    0x080002ac   0x080002ac   0x00000020   Code   RO          942    .text               mc_w.l(llushr.o)
    0x080002cc   0x080002cc   0x00000030   Code   RO          946    .text               mc_w.l(init.o)
    0x080002fc   0x080002fc   0x00000004   Code   RO          218    .text.BusFault_Handler  stm32f4xx_it.o
    0x08000300   0x08000300   0x000000d8   Code   RO           62    .text.DeInitStateMachine  usbh_core.o
    0x080003d8   0x080003d8   0x00000002   Code   RO          224    .text.DebugMon_Handler  stm32f4xx_it.o
    0x080003da   0x080003da   0x00000002   PAD
    0x080003dc   0x080003dc   0x00000004   Code   RO          196    .text.Error_Handler  main.o
    0x080003e0   0x080003e0   0x00000016   Code   RO          384    .text.FATFS_LinkDriver  ff_gen_drv.o
    0x080003f6   0x080003f6   0x00000002   PAD
    0x080003f8   0x080003f8   0x0000007c   Code   RO          382    .text.FATFS_LinkDriverEx  ff_gen_drv.o
    0x08000474   0x08000474   0x00000012   Code   RO          388    .text.FATFS_UnLinkDriver  ff_gen_drv.o
    0x08000486   0x08000486   0x00000002   PAD
    0x08000488   0x08000488   0x00000076   Code   RO          386    .text.FATFS_UnLinkDriverEx  ff_gen_drv.o
    0x080004fe   0x080004fe   0x00000002   PAD
    0x08000500   0x08000500   0x00000042   Code   RO          420    .text.HAL_Delay     stm32f4xx_hal.o
    0x08000542   0x08000542   0x00000002   PAD
    0x08000544   0x08000544   0x000003ee   Code   RO          468    .text.HAL_GPIO_Init  stm32f4xx_hal_gpio.o
    0x08000932   0x08000932   0x00000002   PAD
    0x08000934   0x08000934   0x0000000c   Code   RO          412    .text.HAL_GetTick   stm32f4xx_hal.o
    0x08000940   0x08000940   0x00000014   Code   RO          140    .text.HAL_HCD_Connect_Callback  usbh_conf.o
    0x08000954   0x08000954   0x00000014   Code   RO          142    .text.HAL_HCD_Disconnect_Callback  usbh_conf.o
    0x08000968   0x08000968   0x00000012   Code   RO          657    .text.HAL_HCD_GetCurrentFrame  stm32f4xx_hal_hcd.o
    0x0800097a   0x0800097a   0x00000002   PAD
    0x0800097c   0x0800097c   0x00000012   Code   RO          659    .text.HAL_HCD_GetCurrentSpeed  stm32f4xx_hal_hcd.o
    0x0800098e   0x0800098e   0x00000002   PAD
    0x08000990   0x08000990   0x00000052   Code   RO          609    .text.HAL_HCD_HC_ClearHubInfo  stm32f4xx_hal_hcd.o
    0x080009e2   0x080009e2   0x00000002   PAD
    0x080009e4   0x080009e4   0x0000001e   Code   RO          651    .text.HAL_HCD_HC_GetURBState  stm32f4xx_hal_hcd.o
    0x08000a02   0x08000a02   0x00000002   PAD
    0x08000a04   0x08000a04   0x0000001c   Code   RO          653    .text.HAL_HCD_HC_GetXferCount  stm32f4xx_hal_hcd.o
    0x08000a20   0x08000a20   0x0000005c   Code   RO          611    .text.HAL_HCD_HC_Halt  stm32f4xx_hal_hcd.o
    0x08000a7c   0x08000a7c   0x000001a0   Code   RO          607    .text.HAL_HCD_HC_Init  stm32f4xx_hal_hcd.o
    0x08000c1c   0x08000c1c   0x00000010   Code   RO          148    .text.HAL_HCD_HC_NotifyURBChange_Callback  usbh_conf.o
    0x08000c2c   0x08000c2c   0x00000352   Code   RO          617    .text.HAL_HCD_HC_SubmitRequest  stm32f4xx_hal_hcd.o
    0x08000f7e   0x08000f7e   0x00000002   PAD
    0x08000f80   0x08000f80   0x000001e4   Code   RO          619    .text.HAL_HCD_IRQHandler  stm32f4xx_hal_hcd.o
    0x08001164   0x08001164   0x00000108   Code   RO          603    .text.HAL_HCD_Init  stm32f4xx_hal_hcd.o
    0x0800126c   0x0800126c   0x0000014e   Code   RO          134    .text.HAL_HCD_MspInit  usbh_conf.o
    0x080013ba   0x080013ba   0x00000002   PAD
    0x080013bc   0x080013bc   0x00000014   Code   RO          146    .text.HAL_HCD_PortDisabled_Callback  usbh_conf.o
    0x080013d0   0x080013d0   0x00000014   Code   RO          144    .text.HAL_HCD_PortEnabled_Callback  usbh_conf.o
    0x080013e4   0x080013e4   0x00000012   Code   RO          647    .text.HAL_HCD_ResetPort  stm32f4xx_hal_hcd.o
    0x080013f6   0x080013f6   0x00000002   PAD
    0x080013f8   0x080013f8   0x00000014   Code   RO          138    .text.HAL_HCD_SOF_Callback  usbh_conf.o
    0x0800140c   0x0800140c   0x00000056   Code   RO          643    .text.HAL_HCD_Start  stm32f4xx_hal_hcd.o
    0x08001462   0x08001462   0x00000002   PAD
    0x08001464   0x08001464   0x0000004c   Code   RO          645    .text.HAL_HCD_Stop  stm32f4xx_hal_hcd.o
    0x080014b0   0x080014b0   0x0000001a   Code   RO          410    .text.HAL_IncTick   stm32f4xx_hal.o
    0x080014ca   0x080014ca   0x00000002   PAD
    0x080014cc   0x080014cc   0x00000036   Code   RO          400    .text.HAL_Init      stm32f4xx_hal.o
    0x08001502   0x08001502   0x00000002   PAD
    0x08001504   0x08001504   0x00000070   Code   RO          402    .text.HAL_InitTick  stm32f4xx_hal.o
    0x08001574   0x08001574   0x00000002   Code   RO          404    .text.HAL_MspInit   stm32f4xx_hal.o
    0x08001576   0x08001576   0x00000002   PAD
    0x08001578   0x08001578   0x00000014   Code   RO          503    .text.HAL_NVIC_EnableIRQ  stm32f4xx_hal_cortex.o
    0x0800158c   0x0800158c   0x00000032   Code   RO          495    .text.HAL_NVIC_SetPriority  stm32f4xx_hal_cortex.o
    0x080015be   0x080015be   0x00000002   PAD
    0x080015c0   0x080015c0   0x00000010   Code   RO          491    .text.HAL_NVIC_SetPriorityGrouping  stm32f4xx_hal_cortex.o
    0x080015d0   0x080015d0   0x00000262   Code   RO          572    .text.HAL_RCC_ClockConfig  stm32f4xx_hal_rcc.o
    0x08001832   0x08001832   0x00000002   PAD
    0x08001834   0x08001834   0x000000e6   Code   RO          574    .text.HAL_RCC_GetSysClockFreq  stm32f4xx_hal_rcc.o
    0x0800191a   0x0800191a   0x00000002   PAD
    0x0800191c   0x0800191c   0x000006be   Code   RO          570    .text.HAL_RCC_OscConfig  stm32f4xx_hal_rcc.o
    0x08001fda   0x08001fda   0x00000002   PAD
    0x08001fdc   0x08001fdc   0x00000010   Code   RO          515    .text.HAL_SYSTICK_Config  stm32f4xx_hal_cortex.o
    0x08001fec   0x08001fec   0x00000bc0   Code   RO          627    .text.HCD_HC_IN_IRQHandler  stm32f4xx_hal_hcd.o
    0x08002bac   0x08002bac   0x000008a4   Code   RO          629    .text.HCD_HC_OUT_IRQHandler  stm32f4xx_hal_hcd.o
    0x08003450   0x08003450   0x000000e4   Code   RO          623    .text.HCD_Port_IRQHandler  stm32f4xx_hal_hcd.o
    0x08003534   0x08003534   0x00000158   Code   RO          631    .text.HCD_RXQLVL_IRQHandler  stm32f4xx_hal_hcd.o
    0x0800368c   0x0800368c   0x00000004   Code   RO          214    .text.HardFault_Handler  stm32f4xx_it.o
    0x08003690   0x08003690   0x0000010e   Code   RO          194    .text.MSC_Application  main.o
    0x0800379e   0x0800379e   0x00000002   PAD
    0x080037a0   0x080037a0   0x00000004   Code   RO          216    .text.MemManage_Handler  stm32f4xx_it.o
    0x080037a4   0x080037a4   0x00000002   Code   RO          212    .text.NMI_Handler   stm32f4xx_it.o
    0x080037a6   0x080037a6   0x00000002   PAD
    0x080037a8   0x080037a8   0x0000006c   Code   RO          501    .text.NVIC_EncodePriority  stm32f4xx_hal_cortex.o
    0x08003814   0x08003814   0x00000010   Code   RO          230    .text.OTG_HS_IRQHandler  stm32f4xx_it.o
    0x08003824   0x08003824   0x00000002   Code   RO          226    .text.PendSV_Handler  stm32f4xx_it.o
    0x08003826   0x08003826   0x00000002   PAD
    0x08003828   0x08003828   0x00000002   Code   RO          222    .text.SVC_Handler   stm32f4xx_it.o
    0x0800382a   0x0800382a   0x00000002   PAD
    0x0800382c   0x0800382c   0x00000052   Code   RO          517    .text.SysTick_Config  stm32f4xx_hal_cortex.o
    0x0800387e   0x0800387e   0x00000002   PAD
    0x08003880   0x08003880   0x00000008   Code   RO          228    .text.SysTick_Handler  stm32f4xx_it.o
    0x08003888   0x08003888   0x00000098   Code   RO          190    .text.SystemClock_Config  main.o
    0x08003920   0x08003920   0x00000012   Code   RO          865    .text.SystemInit    system_stm32f4xx.o
    0x08003932   0x08003932   0x00000002   PAD
    0x08003934   0x08003934   0x00000046   Code   RO            6    .text.USBH_AllocPipe  usbh_pipes.o
    0x0800397a   0x0800397a   0x00000002   PAD
    0x0800397c   0x0800397c   0x00000040   Code   RO          117    .text.USBH_BulkReceiveData  usbh_ioreq.o
    0x080039bc   0x080039bc   0x0000005c   Code   RO          115    .text.USBH_BulkSendData  usbh_ioreq.o
    0x08003a18   0x08003a18   0x0000001a   Code   RO            4    .text.USBH_ClosePipe  usbh_pipes.o
    0x08003a32   0x08003a32   0x00000002   PAD
    0x08003a34   0x08003a34   0x00000042   Code   RO           43    .text.USBH_ClrFeature  usbh_ctlreq.o
    0x08003a76   0x08003a76   0x00000002   PAD
    0x08003a78   0x08003a78   0x0000003e   Code   RO          113    .text.USBH_CtlReceiveData  usbh_ioreq.o
    0x08003ab6   0x08003ab6   0x00000002   PAD
    0x08003ab8   0x08003ab8   0x00000094   Code   RO           33    .text.USBH_CtlReq   usbh_ctlreq.o
    0x08003b4c   0x08003b4c   0x0000005c   Code   RO          111    .text.USBH_CtlSendData  usbh_ioreq.o
    0x08003ba8   0x08003ba8   0x00000038   Code   RO          109    .text.USBH_CtlSendSetup  usbh_ioreq.o
    0x08003be0   0x08003be0   0x00000010   Code   RO          178    .text.USBH_Delay    usbh_conf.o
    0x08003bf0   0x08003bf0   0x000000aa   Code   RO           72    .text.USBH_FindInterface  usbh_core.o
    0x08003c9a   0x08003c9a   0x00000002   PAD
    0x08003c9c   0x08003c9c   0x00000030   Code   RO           10    .text.USBH_FreePipe  usbh_pipes.o
    0x08003ccc   0x08003ccc   0x0000007a   Code   RO           21    .text.USBH_GetDescriptor  usbh_ctlreq.o
    0x08003d46   0x08003d46   0x00000002   PAD
    0x08003d48   0x08003d48   0x0000005a   Code   RO            8    .text.USBH_GetFreePipe  usbh_pipes.o
    0x08003da2   0x08003da2   0x00000002   PAD
    0x08003da4   0x08003da4   0x00000020   Code   RO           45    .text.USBH_GetNextDesc  usbh_ctlreq.o
    0x08003dc4   0x08003dc4   0x0000006a   Code   RO           25    .text.USBH_Get_CfgDesc  usbh_ctlreq.o
    0x08003e2e   0x08003e2e   0x00000002   PAD
    0x08003e30   0x08003e30   0x00000068   Code   RO           19    .text.USBH_Get_DevDesc  usbh_ctlreq.o
    0x08003e98   0x08003e98   0x00000078   Code   RO           29    .text.USBH_Get_StringDesc  usbh_ctlreq.o
    0x08003f10   0x08003f10   0x00000300   Code   RO           47    .text.USBH_HandleControl  usbh_ctlreq.o
    0x08004210   0x08004210   0x000003c0   Code   RO           86    .text.USBH_HandleEnum  usbh_core.o
    0x080045d0   0x080045d0   0x0000002a   Code   RO           92    .text.USBH_HandleSof  usbh_core.o
    0x080045fa   0x080045fa   0x00000002   PAD
    0x080045fc   0x080045fc   0x0000007a   Code   RO           60    .text.USBH_Init     usbh_core.o
    0x08004676   0x08004676   0x00000002   PAD
    0x08004678   0x08004678   0x0000001e   Code   RO          166    .text.USBH_LL_ClosePipe  usbh_conf.o
    0x08004696   0x08004696   0x00000002   PAD
    0x08004698   0x08004698   0x0000001e   Code   RO           98    .text.USBH_LL_Connect  usbh_core.o
    0x080046b6   0x080046b6   0x00000002   PAD
    0x080046b8   0x080046b8   0x0000003a   Code   RO          100    .text.USBH_LL_Disconnect  usbh_core.o
    0x080046f2   0x080046f2   0x00000002   PAD
    0x080046f4   0x080046f4   0x00000022   Code   RO          172    .text.USBH_LL_DriverVBUS  usbh_conf.o
    0x08004716   0x08004716   0x00000002   PAD
    0x08004718   0x08004718   0x0000001c   Code   RO          162    .text.USBH_LL_GetLastXferSize  usbh_conf.o
    0x08004734   0x08004734   0x00000056   Code   RO          158    .text.USBH_LL_GetSpeed  usbh_conf.o
    0x0800478a   0x0800478a   0x00000002   PAD
    0x0800478c   0x0800478c   0x0000006c   Code   RO          176    .text.USBH_LL_GetToggle  usbh_conf.o
    0x080047f8   0x080047f8   0x0000001c   Code   RO          170    .text.USBH_LL_GetURBState  usbh_conf.o
    0x08004814   0x08004814   0x0000001c   Code   RO           90    .text.USBH_LL_IncTimer  usbh_core.o
    0x08004830   0x08004830   0x00000058   Code   RO          150    .text.USBH_LL_Init  usbh_conf.o
    0x08004888   0x08004888   0x00000060   Code   RO          164    .text.USBH_LL_OpenPipe  usbh_conf.o
    0x080048e8   0x080048e8   0x00000010   Code   RO           96    .text.USBH_LL_PortDisabled  usbh_core.o
    0x080048f8   0x080048f8   0x00000010   Code   RO           94    .text.USBH_LL_PortEnabled  usbh_core.o
    0x08004908   0x08004908   0x00000016   Code   RO          160    .text.USBH_LL_ResetPort  usbh_conf.o
    0x0800491e   0x0800491e   0x00000002   PAD
    0x08004920   0x08004920   0x00000012   Code   RO           88    .text.USBH_LL_SetTimer  usbh_core.o
    0x08004932   0x08004932   0x00000002   PAD
    0x08004934   0x08004934   0x00000068   Code   RO          174    .text.USBH_LL_SetToggle  usbh_conf.o
    0x0800499c   0x0800499c   0x00000016   Code   RO          154    .text.USBH_LL_Start  usbh_conf.o
    0x080049b2   0x080049b2   0x00000002   PAD
    0x080049b4   0x080049b4   0x00000016   Code   RO          156    .text.USBH_LL_Stop  usbh_conf.o
    0x080049ca   0x080049ca   0x00000002   PAD
    0x080049cc   0x080049cc   0x00000068   Code   RO          168    .text.USBH_LL_SubmitURB  usbh_conf.o
    0x08004a34   0x08004a34   0x0000005c   Code   RO          818    .text.USBH_MSC_BOT_Abort  usbh_msc_bot.o
    0x08004a90   0x08004a90   0x0000003a   Code   RO          812    .text.USBH_MSC_BOT_Init  usbh_msc_bot.o
    0x08004aca   0x08004aca   0x00000002   PAD
    0x08004acc   0x08004acc   0x000003b8   Code   RO          814    .text.USBH_MSC_BOT_Process  usbh_msc_bot.o
    0x08004e84   0x08004e84   0x00000030   Code   RO          810    .text.USBH_MSC_BOT_REQ_GetMaxLUN  usbh_msc_bot.o
    0x08004eb4   0x08004eb4   0x0000002c   Code   RO          808    .text.USBH_MSC_BOT_REQ_Reset  usbh_msc_bot.o
    0x08004ee0   0x08004ee0   0x000000e6   Code   RO          779    .text.USBH_MSC_ClassRequest  usbh_msc.o
    0x08004fc6   0x08004fc6   0x00000002   PAD
    0x08004fc8   0x08004fc8   0x000000a2   Code   RO          816    .text.USBH_MSC_DecodeCSW  usbh_msc_bot.o
    0x0800506a   0x0800506a   0x00000002   PAD
    0x0800506c   0x0800506c   0x000000aa   Code   RO          791    .text.USBH_MSC_GetLUNInfo  usbh_msc.o
    0x08005116   0x08005116   0x00000002   PAD
    0x08005118   0x08005118   0x00000082   Code   RO          777    .text.USBH_MSC_InterfaceDeInit  usbh_msc.o
    0x0800519a   0x0800519a   0x00000002   PAD
    0x0800519c   0x0800519c   0x00000240   Code   RO          775    .text.USBH_MSC_InterfaceInit  usbh_msc.o
    0x080053dc   0x080053dc   0x000004c2   Code   RO          781    .text.USBH_MSC_Process  usbh_msc.o
    0x0800589e   0x0800589e   0x00000002   PAD
    0x080058a0   0x080058a0   0x000001d2   Code   RO          795    .text.USBH_MSC_RdWrProcess  usbh_msc.o
    0x08005a72   0x08005a72   0x00000002   PAD
    0x08005a74   0x08005a74   0x000000d8   Code   RO          793    .text.USBH_MSC_Read  usbh_msc.o
    0x08005b4c   0x08005b4c   0x00000156   Code   RO          831    .text.USBH_MSC_SCSI_Inquiry  usbh_msc_scsi.o
    0x08005ca2   0x08005ca2   0x00000002   PAD
    0x08005ca4   0x08005ca4   0x000000f0   Code   RO          837    .text.USBH_MSC_SCSI_Read  usbh_msc_scsi.o
    0x08005d94   0x08005d94   0x000000ca   Code   RO          829    .text.USBH_MSC_SCSI_ReadCapacity  usbh_msc_scsi.o
    0x08005e5e   0x08005e5e   0x00000002   PAD
    0x08005e60   0x08005e60   0x00000108   Code   RO          833    .text.USBH_MSC_SCSI_RequestSense  usbh_msc_scsi.o
    0x08005f68   0x08005f68   0x0000008e   Code   RO          827    .text.USBH_MSC_SCSI_TestUnitReady  usbh_msc_scsi.o
    0x08005ff6   0x08005ff6   0x00000002   PAD
    0x08005ff8   0x08005ff8   0x000000ee   Code   RO          835    .text.USBH_MSC_SCSI_Write  usbh_msc_scsi.o
    0x080060e6   0x080060e6   0x00000002   PAD
    0x080060e8   0x080060e8   0x0000000a   Code   RO          783    .text.USBH_MSC_SOFProcess  usbh_msc.o
    0x080060f2   0x080060f2   0x00000002   PAD
    0x080060f4   0x080060f4   0x00000052   Code   RO          789    .text.USBH_MSC_UnitIsReady  usbh_msc.o
    0x08006146   0x08006146   0x00000002   PAD
    0x08006148   0x08006148   0x000000d8   Code   RO          797    .text.USBH_MSC_Write  usbh_msc.o
    0x08006220   0x08006220   0x0000005c   Code   RO            2    .text.USBH_OpenPipe  usbh_pipes.o
    0x0800627c   0x0800627c   0x00000256   Code   RO           27    .text.USBH_ParseCfgDesc  usbh_ctlreq.o
    0x080064d2   0x080064d2   0x00000002   PAD
    0x080064d4   0x080064d4   0x0000013e   Code   RO           23    .text.USBH_ParseDevDesc  usbh_ctlreq.o
    0x08006612   0x08006612   0x00000002   PAD
    0x08006614   0x08006614   0x0000021a   Code   RO           51    .text.USBH_ParseEPDesc  usbh_ctlreq.o
    0x0800682e   0x0800682e   0x00000002   PAD
    0x08006830   0x08006830   0x00000068   Code   RO           49    .text.USBH_ParseInterfaceDesc  usbh_ctlreq.o
    0x08006898   0x08006898   0x00000084   Code   RO           31    .text.USBH_ParseStringDesc  usbh_ctlreq.o
    0x0800691c   0x0800691c   0x000003b2   Code   RO           84    .text.USBH_Process  usbh_core.o
    0x08006cce   0x08006cce   0x00000002   PAD
    0x08006cd0   0x08006cd0   0x00000054   Code   RO           66    .text.USBH_RegisterClass  usbh_core.o
    0x08006d24   0x08006d24   0x0000003a   Code   RO           68    .text.USBH_SelectInterface  usbh_core.o
    0x08006d5e   0x08006d5e   0x00000002   PAD
    0x08006d60   0x08006d60   0x00000040   Code   RO           35    .text.USBH_SetAddress  usbh_ctlreq.o
    0x08006da0   0x08006da0   0x00000040   Code   RO           37    .text.USBH_SetCfg   usbh_ctlreq.o
    0x08006de0   0x08006de0   0x00000040   Code   RO           41    .text.USBH_SetFeature  usbh_ctlreq.o
    0x08006e20   0x08006e20   0x0000001a   Code   RO           76    .text.USBH_Start    usbh_core.o
    0x08006e3a   0x08006e3a   0x00000002   PAD
    0x08006e3c   0x08006e3c   0x0000005a   Code   RO          192    .text.USBH_UserProcess  main.o
    0x08006e96   0x08006e96   0x00000002   PAD
    0x08006e98   0x08006e98   0x0000000c   Code   RO          846    .text.USBH_initialize  usbh_diskio_dma.o
    0x08006ea4   0x08006ea4   0x000000d2   Code   RO          854    .text.USBH_ioctl    usbh_diskio_dma.o
    0x08006f76   0x08006f76   0x00000002   PAD
    0x08006f78   0x08006f78   0x0000012a   Code   RO          850    .text.USBH_read     usbh_diskio_dma.o
    0x080070a2   0x080070a2   0x00000002   PAD
    0x080070a4   0x080070a4   0x0000003a   Code   RO          848    .text.USBH_status   usbh_diskio_dma.o
    0x080070de   0x080070de   0x00000002   PAD
    0x080070e0   0x080070e0   0x0000011c   Code   RO          852    .text.USBH_write    usbh_diskio_dma.o
    0x080071fc   0x080071fc   0x000000d6   Code   RO          670    .text.USB_CoreInit  stm32f4xx_ll_usb.o
    0x080072d2   0x080072d2   0x00000002   PAD
    0x080072d4   0x080072d4   0x00000078   Code   RO          672    .text.USB_CoreReset  stm32f4xx_ll_usb.o
    0x0800734c   0x0800734c   0x00000014   Code   RO          678    .text.USB_DisableGlobalInt  stm32f4xx_ll_usb.o
    0x08007360   0x08007360   0x0000005e   Code   RO          756    .text.USB_DoPing    stm32f4xx_ll_usb.o
    0x080073be   0x080073be   0x00000002   PAD
    0x080073c0   0x080073c0   0x00000068   Code   RO          746    .text.USB_DriveVbus  stm32f4xx_ll_usb.o
    0x08007428   0x08007428   0x00000014   Code   RO          676    .text.USB_EnableGlobalInt  stm32f4xx_ll_usb.o
    0x0800743c   0x0800743c   0x00000074   Code   RO          690    .text.USB_FlushRxFifo  stm32f4xx_ll_usb.o
    0x080074b0   0x080074b0   0x0000007a   Code   RO          688    .text.USB_FlushTxFifo  stm32f4xx_ll_usb.o
    0x0800752a   0x0800752a   0x00000002   PAD
    0x0800752c   0x0800752c   0x00000014   Code   RO          750    .text.USB_GetCurrentFrame  stm32f4xx_ll_usb.o
    0x08007540   0x08007540   0x0000001e   Code   RO          748    .text.USB_GetHostSpeed  stm32f4xx_ll_usb.o
    0x0800755e   0x0800755e   0x00000002   PAD
    0x08007560   0x08007560   0x00000010   Code   RO          682    .text.USB_GetMode   stm32f4xx_ll_usb.o
    0x08007570   0x08007570   0x000001dc   Code   RO          760    .text.USB_HC_Halt   stm32f4xx_ll_usb.o
    0x0800774c   0x0800774c   0x00000238   Code   RO          752    .text.USB_HC_Init   stm32f4xx_ll_usb.o
    0x08007984   0x08007984   0x00000014   Code   RO          758    .text.USB_HC_ReadInterrupt  stm32f4xx_ll_usb.o
    0x08007998   0x08007998   0x000004a2   Code   RO          754    .text.USB_HC_StartXfer  stm32f4xx_ll_usb.o
    0x08007e3a   0x08007e3a   0x00000002   PAD
    0x08007e3c   0x08007e3c   0x00000186   Code   RO          740    .text.USB_HostInit  stm32f4xx_ll_usb.o
    0x08007fc2   0x08007fc2   0x00000002   PAD
    0x08007fc4   0x08007fc4   0x00000074   Code   RO          742    .text.USB_InitFSLSPClkSel  stm32f4xx_ll_usb.o
    0x08008038   0x08008038   0x00000036   Code   RO          724    .text.USB_ReadChInterrupts  stm32f4xx_ll_usb.o
    0x0800806e   0x0800806e   0x00000002   PAD
    0x08008070   0x08008070   0x0000001a   Code   RO          722    .text.USB_ReadInterrupts  stm32f4xx_ll_usb.o
    0x0800808a   0x0800808a   0x00000002   PAD
    0x0800808c   0x0800808c   0x000000b4   Code   RO          708    .text.USB_ReadPacket  stm32f4xx_ll_usb.o
    0x08008140   0x08008140   0x0000004a   Code   RO          744    .text.USB_ResetPort  stm32f4xx_ll_usb.o
    0x0800818a   0x0800818a   0x00000002   PAD
    0x0800818c   0x0800818c   0x000000de   Code   RO          680    .text.USB_SetCurrentMode  stm32f4xx_ll_usb.o
    0x0800826a   0x0800826a   0x00000002   PAD
    0x0800826c   0x0800826c   0x00000120   Code   RO          762    .text.USB_StopHost  stm32f4xx_ll_usb.o
    0x0800838c   0x0800838c   0x00000082   Code   RO          704    .text.USB_WritePacket  stm32f4xx_ll_usb.o
    0x0800840e   0x0800840e   0x00000002   PAD
    0x08008410   0x08008410   0x00000004   Code   RO          220    .text.UsageFault_Handler  stm32f4xx_it.o
    0x08008414   0x08008414   0x00000030   Code   RO          505    .text.__NVIC_EnableIRQ  stm32f4xx_hal_cortex.o
    0x08008444   0x08008444   0x00000010   Code   RO          497    .text.__NVIC_GetPriorityGrouping  stm32f4xx_hal_cortex.o
    0x08008454   0x08008454   0x00000042   Code   RO          499    .text.__NVIC_SetPriority  stm32f4xx_hal_cortex.o
    0x08008496   0x08008496   0x00000002   PAD
    0x08008498   0x08008498   0x0000003c   Code   RO          493    .text.__NVIC_SetPriorityGrouping  stm32f4xx_hal_cortex.o
    0x080084d4   0x080084d4   0x000000bc   Code   RO          354    .text.check_fs      ff.o
    0x08008590   0x08008590   0x0000003c   Code   RO          360    .text.chk_chr       ff.o
    0x080085cc   0x080085cc   0x000000fc   Code   RO          270    .text.chk_lock      ff.o
    0x080086c8   0x080086c8   0x00000048   Code   RO          262    .text.clear_lock    ff.o
    0x08008710   0x08008710   0x00000068   Code   RO          300    .text.clmt_clust    ff.o
    0x08008778   0x08008778   0x00000036   Code   RO          294    .text.clust2sect    ff.o
    0x080087ae   0x080087ae   0x00000002   PAD
    0x080087b0   0x080087b0   0x00000158   Code   RO          306    .text.create_chain  ff.o
    0x08008908   0x08008908   0x00000180   Code   RO          356    .text.create_name   ff.o
    0x08008a88   0x08008a88   0x00000094   Code   RO          316    .text.dec_lock      ff.o
    0x08008b1c   0x08008b1c   0x000000a2   Code   RO          364    .text.dir_alloc     ff.o
    0x08008bbe   0x08008bbe   0x00000002   PAD
    0x08008bc0   0x08008bc0   0x000000b4   Code   RO          358    .text.dir_find      ff.o
    0x08008c74   0x08008c74   0x000001b4   Code   RO          332    .text.dir_next      ff.o
    0x08008e28   0x08008e28   0x00000060   Code   RO          274    .text.dir_register  ff.o
    0x08008e88   0x08008e88   0x0000011a   Code   RO          322    .text.dir_sdi       ff.o
    0x08008fa2   0x08008fa2   0x00000002   PAD
    0x08008fa4   0x08008fa4   0x00000062   Code   RO          241    .text.disk_initialize  diskio.o
    0x08009006   0x08009006   0x00000002   PAD
    0x08009008   0x08009008   0x0000003a   Code   RO          247    .text.disk_ioctl    diskio.o
    0x08009042   0x08009042   0x00000002   PAD
    0x08009044   0x08009044   0x0000003c   Code   RO          243    .text.disk_read     diskio.o
    0x08009080   0x08009080   0x0000002e   Code   RO          239    .text.disk_status   diskio.o
    0x080090ae   0x080090ae   0x00000002   PAD
    0x080090b0   0x080090b0   0x0000003c   Code   RO          245    .text.disk_write    diskio.o
    0x080090ec   0x080090ec   0x0000004a   Code   RO          272    .text.enq_lock      ff.o
    0x08009136   0x08009136   0x00000002   PAD
    0x08009138   0x08009138   0x00000054   Code   RO          314    .text.f_close       ff.o
    0x0800918c   0x0800918c   0x000000a4   Code   RO          258    .text.f_mount       ff.o
    0x08009230   0x08009230   0x000003a0   Code   RO          266    .text.f_open        ff.o
    0x080095d0   0x080095d0   0x00000282   Code   RO          296    .text.f_read        ff.o
    0x08009852   0x08009852   0x00000002   PAD
    0x08009854   0x08009854   0x000000e8   Code   RO          308    .text.f_sync        ff.o
    0x0800993c   0x0800993c   0x000002ee   Code   RO          304    .text.f_write       ff.o
    0x08009c2a   0x08009c2a   0x00000002   PAD
    0x08009c2c   0x08009c2c   0x000004d6   Code   RO          264    .text.find_volume   ff.o
    0x0800a102   0x0800a102   0x00000002   PAD
    0x0800a104   0x0800a104   0x00000102   Code   RO          268    .text.follow_path   ff.o
    0x0800a206   0x0800a206   0x00000002   PAD
    0x0800a208   0x0800a208   0x00000132   Code   RO          292    .text.get_fat       ff.o
    0x0800a33a   0x0800a33a   0x00000002   PAD
    0x0800a33c   0x0800a33c   0x00000004   Code   RO          249    .text.get_fattime   diskio.o
    0x0800a340   0x0800a340   0x000000aa   Code   RO          260    .text.get_ldnumber  ff.o
    0x0800a3ea   0x0800a3ea   0x00000002   PAD
    0x0800a3ec   0x0800a3ec   0x00000158   Code   RO          286    .text.inc_lock      ff.o
    0x0800a544   0x0800a544   0x00000036   Code   RO          278    .text.ld_clust      ff.o
    0x0800a57a   0x0800a57a   0x00000002   PAD
    0x0800a57c   0x0800a57c   0x00000034   Code   RO          288    .text.ld_dword      ff.o
    0x0800a5b0   0x0800a5b0   0x00000024   Code   RO          338    .text.ld_word       ff.o
    0x0800a5d4   0x0800a5d4   0x00000098   Code   RO          188    .text.main          main.o
    0x0800a66c   0x0800a66c   0x00000056   Code   RO          362    .text.mem_cmp       ff.o
    0x0800a6c2   0x0800a6c2   0x00000002   PAD
    0x0800a6c4   0x0800a6c4   0x0000003c   Code   RO          302    .text.mem_cpy       ff.o
    0x0800a700   0x0800a700   0x0000002a   Code   RO          290    .text.mem_set       ff.o
    0x0800a72a   0x0800a72a   0x00000002   PAD
    0x0800a72c   0x0800a72c   0x0000005e   Code   RO          284    .text.move_window   ff.o
    0x0800a78a   0x0800a78a   0x00000002   PAD
    0x0800a78c   0x0800a78c   0x000001b2   Code   RO          366    .text.put_fat       ff.o
    0x0800a93e   0x0800a93e   0x00000002   PAD
    0x0800a940   0x0800a940   0x000000f4   Code   RO          282    .text.remove_chain  ff.o
    0x0800aa34   0x0800aa34   0x00000032   Code   RO          280    .text.st_clust      ff.o
    0x0800aa66   0x0800aa66   0x00000002   PAD
    0x0800aa68   0x0800aa68   0x00000044   Code   RO          276    .text.st_dword      ff.o
    0x0800aaac   0x0800aaac   0x0000002c   Code   RO          310    .text.st_word       ff.o
    0x0800aad8   0x0800aad8   0x000000c8   Code   RO          312    .text.sync_fs       ff.o
    0x0800aba0   0x0800aba0   0x0000008a   Code   RO          348    .text.sync_window   ff.o
    0x0800ac2a   0x0800ac2a   0x00000002   PAD
    0x0800ac2c   0x0800ac2c   0x00000072   Code   RO          298    .text.validate      ff.o
    0x0800ac9e   0x0800ac9e   0x0000000e   Code   RO          950    i.__scatterload_copy  mc_w.l(handlers.o)
    0x0800acac   0x0800acac   0x00000002   Code   RO          951    i.__scatterload_null  mc_w.l(handlers.o)
    0x0800acae   0x0800acae   0x0000000e   Code   RO          952    i.__scatterload_zeroinit  mc_w.l(handlers.o)
    0x0800acbc   0x0800acbc   0x00000050   Code   RO          898    i.free              mc_w.l(malloc.o)
    0x0800ad0c   0x0800ad0c   0x0000006c   Code   RO          899    i.malloc            mc_w.l(malloc.o)
    0x0800ad78   0x0800ad78   0x00000010   Data   RO          870    .rodata.AHBPrescTable  system_stm32f4xx.o
    0x0800ad88   0x0800ad88   0x00000080   Data   RO          374    .rodata.ExCvt       ff.o
    0x0800ae08   0x0800ae08   0x00000014   Data   RO          856    .rodata.USBH_Driver  usbh_diskio_dma.o
    0x0800ae1c   0x0800ae1c   0x0000002b   Data   RO          203    .rodata.str1.1      main.o
    0x0800ae47   0x0800ae47   0x00000043   Data   RO          371    .rodata.str1.1      ff.o
    0x0800ae8a   0x0800ae8a   0x00000004   Data   RO          799    .rodata.str1.1      usbh_msc.o
    0x0800ae8e   0x0800ae8e   0x00000002   PAD
    0x0800ae90   0x0800ae90   0x00000020   Data   RO          949    Region$$Table       anon$$obj.o


    Execution Region RW_IRAM1 (Exec base: 0x20000000, Load base: 0x0800aeb0, Size: 0x00001b98, Max: 0x00030000, ABSOLUTE)

    Exec Addr    Load Addr    Size         Type   Attr      Idx    E Section Name        Object

    0x20000000   0x0800aeb0   0x00000004   Data   RW          944    .data               mc_w.l(mvars.o)
    0x20000004   0x0800aeb4   0x00000004   Data   RW          945    .data               mc_w.l(mvars.o)
    0x20000008   0x0800aeb8   0x00000004   Data   RW          869    .data.SystemCoreClock  system_stm32f4xx.o
    0x2000000c   0x0800aebc   0x00000020   Data   RW          800    .data.USBH_msc      usbh_msc.o
    0x2000002c   0x0800aedc   0x00000001   Data   RW          459    .data.uwTickFreq    stm32f4xx_hal.o
    0x2000002d   0x0800aedd   0x00000003   PAD
    0x20000030   0x0800aee0   0x00000004   Data   RW          458    .data.uwTickPrio    stm32f4xx_hal.o
    0x20000034   0x0800aee4   0x00000004   PAD
    0x20000038        -       0x00000001   Zero   RW          198    .bss.Appli_state    main.o
    0x20000039   0x0800aee4   0x00000003   PAD
    0x2000003c        -       0x00000008   Zero   RW          368    .bss.FatFs          ff.o
    0x20000044        -       0x00000020   Zero   RW          372    .bss.Files          ff.o
    0x20000064        -       0x00000002   Zero   RW          373    .bss.Fsid           ff.o
    0x20000066   0x0800aee4   0x00000002   PAD
    0x20000068        -       0x00000230   Zero   RW          202    .bss.MyFile         main.o
    0x20000298        -       0x00000230   Zero   RW          201    .bss.USBDISKFatFs   main.o
    0x200004c8        -       0x00000004   Zero   RW          199    .bss.USBDISKPath    main.o
    0x200004cc        -       0x00000010   Zero   RW          392    .bss.disk           ff_gen_drv.o
    0x200004dc        -       0x000004d8   Zero   RW          200    .bss.hUSBHost       main.o
    0x200009b4        -       0x000003e0   Zero   RW          180    .bss.hhcd           usbh_conf.o
    0x20000d94        -       0x00000200   Zero   RW          857    .bss.scratch        usbh_diskio_dma.o
    0x20000f94        -       0x00000004   Zero   RW          460    .bss.uwTick         stm32f4xx_hal.o
    0x20000f98        -       0x00000400   Zero   RW          879    HEAP                startup_stm32f429xx.o
    0x20001398        -       0x00000800   Zero   RW          878    STACK               startup_stm32f429xx.o


==============================================================================

Image component sizes


      Code (inc. data)   RO Data    RW Data    ZI Data      Debug   Object Name

       326          0          0          0          0       1826   diskio.o
      9668          0        195          0         42      28866   ff.o
       282          0          0          0         16       2330   ff_gen_drv.o
       668          0         43          0       2365       9257   main.o
        36          8        428          0       3072        848   startup_stm32f429xx.o
       272          0          0          5          4       7680   stm32f4xx_hal.o
       482          0          0          0          0      10110   stm32f4xx_hal_cortex.o
      1006          0          0          0          0       5296   stm32f4xx_hal_gpio.o
      8254         14          0          0          0      15156   stm32f4xx_hal_hcd.o
      2566          0          0          0          0       7764   stm32f4xx_hal_rcc.o
        48          0          0          0          0       1101   stm32f4xx_it.o
      4606         12          0          0          0      19948   stm32f4xx_ll_usb.o
        18          0         16          4          0       2880   system_stm32f4xx.o
      1238          0          0          0        992      14929   usbh_conf.o
      2790         44          0          0          0      11050   usbh_core.o
      3348         22          0          0          0      11796   usbh_ctlreq.o
       862          4         20          0        512       6768   usbh_diskio_dma.o
       366          0          0          0          0       6856   usbh_ioreq.o
      3314         18          4         32          0      12805   usbh_msc.o
      1356         22          0          0          0      10373   usbh_msc_bot.o
      1428          0          0          0          0      10200   usbh_msc_scsi.o
       326          0          0          0          0       6052   usbh_pipes.o

    ----------------------------------------------------------------------
     43462        144        740         44       7012     203891   Object Totals
         0          0         32          0          0          0   (incl. Generated)
       202          0          2          3          9          0   (incl. Padding)

    ----------------------------------------------------------------------

      Code (inc. data)   RO Data    RW Data    ZI Data      Debug   Library Member Name

         0          0          0          0          0          0   entry.o
         0          0          0          0          0          0   entry10a.o
         0          0          0          0          0          0   entry11a.o
         8          4          0          0          0          0   entry2.o
         4          0          0          0          0          0   entry5.o
         0          0          0          0          0          0   entry7b.o
         0          0          0          0          0          0   entry8b.o
         8          4          0          0          0          0   entry9a.o
        30          0          0          0          0          0   handlers.o
        48         10          0          0          0         68   init.o
        30          0          0          0          0         68   llshl.o
        32          0          0          0          0         68   llushr.o
       188         20          0          0          0        160   malloc.o
        36          0          0          0          0         68   memcpya.o
        36          0          0          0          0        108   memseta.o
         0          0          0          8          0          0   mvars.o
        98          0          0          0          0         92   uldiv.o

    ----------------------------------------------------------------------
       518         38          0          8          0        632   Library Totals
         0          0          0          0          0          0   (incl. Padding)

    ----------------------------------------------------------------------

      Code (inc. data)   RO Data    RW Data    ZI Data      Debug   Library Name

       518         38          0          8          0        632   mc_w.l

    ----------------------------------------------------------------------
       518         38          0          8          0        632   Library Totals

    ----------------------------------------------------------------------

==============================================================================


      Code (inc. data)   RO Data    RW Data    ZI Data      Debug   

     43980        182        740         52       7012     204067   Grand Totals
     43980        182        740         52       7012     204067   ELF Image Totals
     43980        182        740         52          0          0   ROM Totals

==============================================================================

    Total RO  Size (Code + RO Data)                44720 (  43.67kB)
    Total RW  Size (RW Data + ZI Data)              7064 (   6.90kB)
    Total ROM Size (Code + RO Data + RW Data)      44772 (  43.72kB)

==============================================================================

